GowinSynthesis start
Running parser ...
Analyzing Verilog file 'C:\Users\Dell\Desktop\neorv32-setups\neorv32\rtl\core\tinygpu_ml\tinygpu_pkg.sv'
WARN  (EX2582) : Parameter 'ADDR_W' declared inside package 'tinygpu_pkg' shall be treated as localparam("C:\Users\Dell\Desktop\neorv32-setups\neorv32\rtl\core\tinygpu_ml\tinygpu_pkg.sv":3)
WARN  (EX2582) : Parameter 'DATA_W' declared inside package 'tinygpu_pkg' shall be treated as localparam("C:\Users\Dell\Desktop\neorv32-setups\neorv32\rtl\core\tinygpu_ml\tinygpu_pkg.sv":4)
WARN  (EX2582) : Parameter 'INT8_W' declared inside package 'tinygpu_pkg' shall be treated as localparam("C:\Users\Dell\Desktop\neorv32-setups\neorv32\rtl\core\tinygpu_ml\tinygpu_pkg.sv":5)
WARN  (EX2582) : Parameter 'ACC_W' declared inside package 'tinygpu_pkg' shall be treated as localparam("C:\Users\Dell\Desktop\neorv32-setups\neorv32\rtl\core\tinygpu_ml\tinygpu_pkg.sv":6)
WARN  (EX2582) : Parameter 'TILE_M' declared inside package 'tinygpu_pkg' shall be treated as localparam("C:\Users\Dell\Desktop\neorv32-setups\neorv32\rtl\core\tinygpu_ml\tinygpu_pkg.sv":8)
WARN  (EX2582) : Parameter 'TILE_N' declared inside package 'tinygpu_pkg' shall be treated as localparam("C:\Users\Dell\Desktop\neorv32-setups\neorv32\rtl\core\tinygpu_ml\tinygpu_pkg.sv":9)
WARN  (EX2582) : Parameter 'TILE_K' declared inside package 'tinygpu_pkg' shall be treated as localparam("C:\Users\Dell\Desktop\neorv32-setups\neorv32\rtl\core\tinygpu_ml\tinygpu_pkg.sv":10)
WARN  (EX2582) : Parameter 'NUM_PES' declared inside package 'tinygpu_pkg' shall be treated as localparam("C:\Users\Dell\Desktop\neorv32-setups\neorv32\rtl\core\tinygpu_ml\tinygpu_pkg.sv":12)
WARN  (EX2582) : Parameter 'SPM_A_BYTES' declared inside package 'tinygpu_pkg' shall be treated as localparam("C:\Users\Dell\Desktop\neorv32-setups\neorv32\rtl\core\tinygpu_ml\tinygpu_pkg.sv":13)
WARN  (EX2582) : Parameter 'SPM_B_BYTES' declared inside package 'tinygpu_pkg' shall be treated as localparam("C:\Users\Dell\Desktop\neorv32-setups\neorv32\rtl\core\tinygpu_ml\tinygpu_pkg.sv":14)
WARN  (EX2582) : Parameter 'SPM_C_BYTES' declared inside package 'tinygpu_pkg' shall be treated as localparam("C:\Users\Dell\Desktop\neorv32-setups\neorv32\rtl\core\tinygpu_ml\tinygpu_pkg.sv":15)
WARN  (EX2582) : Parameter 'MAX_BURST' declared inside package 'tinygpu_pkg' shall be treated as localparam("C:\Users\Dell\Desktop\neorv32-setups\neorv32\rtl\core\tinygpu_ml\tinygpu_pkg.sv":16)
Analyzing Verilog file 'C:\Users\Dell\Desktop\neorv32-setups\neorv32\rtl\core\tinygpu_ml\tinygpu_array4x4.sv'
Analyzing Verilog file 'C:\Users\Dell\Desktop\neorv32-setups\neorv32\rtl\core\tinygpu_ml\tinygpu_cmd_ctrl.sv'
Analyzing Verilog file 'C:\Users\Dell\Desktop\neorv32-setups\neorv32\rtl\core\tinygpu_ml\tinygpu_counters.sv'
Analyzing Verilog file 'C:\Users\Dell\Desktop\neorv32-setups\neorv32\rtl\core\tinygpu_ml\tinygpu_dma.sv'
Analyzing Verilog file 'C:\Users\Dell\Desktop\neorv32-setups\neorv32\rtl\core\tinygpu_ml\tinygpu_epilogue.sv'
Analyzing Verilog file 'C:\Users\Dell\Desktop\neorv32-setups\neorv32\rtl\core\tinygpu_ml\tinygpu_epilogue_shared.sv'
Analyzing Verilog file 'C:\Users\Dell\Desktop\neorv32-setups\neorv32\rtl\core\tinygpu_ml\tinygpu_im2col_loader.sv'
Analyzing Verilog file 'C:\Users\Dell\Desktop\neorv32-setups\neorv32\rtl\core\tinygpu_ml\tinygpu_mem_arbiter.sv'
Analyzing Verilog file 'C:\Users\Dell\Desktop\neorv32-setups\neorv32\rtl\core\tinygpu_ml\tinygpu_pe.sv'
Analyzing Verilog file 'C:\Users\Dell\Desktop\neorv32-setups\neorv32\rtl\core\tinygpu_ml\tinygpu_regs.sv'
Analyzing Verilog file 'C:\Users\Dell\Desktop\neorv32-setups\neorv32\rtl\core\tinygpu_ml\tinygpu_shared_mul.sv'
Analyzing Verilog file 'C:\Users\Dell\Desktop\neorv32-setups\neorv32\rtl\core\tinygpu_ml\tinygpu_spm.sv'
Analyzing Verilog file 'C:\Users\Dell\Desktop\neorv32-setups\neorv32\rtl\core\tinygpu_ml\tinygpu_top.sv'
Analyzing Verilog file 'C:\Users\Dell\Desktop\neorv32-setups\neorv32\rtl\core\tinygpu_ml\tinygpu_vec_alu.sv'
Analyzing VHDL file 'C:\Users\Dell\Desktop\neorv32-setups\gowineda\tang-nano-20k\tinygpu_v4\src\neorv32_package.vhd'
Analyzing package 'neorv32_package'("C:\Users\Dell\Desktop\neorv32-setups\gowineda\tang-nano-20k\tinygpu_v4\src\neorv32_package.vhd":15)
Analyzing package body 'neorv32_package'("C:\Users\Dell\Desktop\neorv32-setups\gowineda\tang-nano-20k\tinygpu_v4\src\neorv32_package.vhd":1023)
Analyzing VHDL file 'C:\Users\Dell\Desktop\neorv32-setups\gowineda\tang-nano-20k\tinygpu_v4\src\neorv32_test_setup_bootloader.vhd'
Analyzing entity 'neorv32_test_setup_bootloader'("C:\Users\Dell\Desktop\neorv32-setups\gowineda\tang-nano-20k\tinygpu_v4\src\neorv32_test_setup_bootloader.vhd":18)
Analyzing architecture 'neorv32_test_setup_bootloader_rtl'("C:\Users\Dell\Desktop\neorv32-setups\gowineda\tang-nano-20k\tinygpu_v4\src\neorv32_test_setup_bootloader.vhd":37)
Analyzing VHDL file 'C:\Users\Dell\Desktop\neorv32-setups\gowineda\tang-nano-20k\src\neorv32_test_setup_bootloader.vhd'
Analyzing entity 'neorv32_test_setup_bootloader'("C:\Users\Dell\Desktop\neorv32-setups\gowineda\tang-nano-20k\src\neorv32_test_setup_bootloader.vhd":18)
Analyzing architecture 'neorv32_test_setup_bootloader_rtl'("C:\Users\Dell\Desktop\neorv32-setups\gowineda\tang-nano-20k\src\neorv32_test_setup_bootloader.vhd":37)
WARN  (EX4822) : Overwriting existing secondary unit 'neorv32_test_setup_bootloader_rtl'("C:\Users\Dell\Desktop\neorv32-setups\gowineda\tang-nano-20k\src\neorv32_test_setup_bootloader.vhd":37)
Analyzing VHDL file 'C:\Users\Dell\Desktop\neorv32-setups\gowineda\tang-nano-20k\tinygpu_v4\src\neorv32_bootrom.vhd'
Analyzing entity 'neorv32_bootrom'("C:\Users\Dell\Desktop\neorv32-setups\gowineda\tang-nano-20k\tinygpu_v4\src\neorv32_bootrom.vhd":17)
Analyzing architecture 'neorv32_bootrom_rtl'("C:\Users\Dell\Desktop\neorv32-setups\gowineda\tang-nano-20k\tinygpu_v4\src\neorv32_bootrom.vhd":26)
Analyzing VHDL file 'C:\Users\Dell\Desktop\neorv32-setups\gowineda\tang-nano-20k\tinygpu_v4\src\neorv32_bootrom_image.vhd'
Analyzing package 'neorv32_bootrom_image'("C:\Users\Dell\Desktop\neorv32-setups\gowineda\tang-nano-20k\tinygpu_v4\src\neorv32_bootrom_image.vhd":4)
Analyzing VHDL file 'C:\Users\Dell\Desktop\neorv32-setups\gowineda\tang-nano-20k\tinygpu_v4\src\neorv32_bootrom_rom.vhd'
Analyzing entity 'neorv32_bootrom_rom'("C:\Users\Dell\Desktop\neorv32-setups\gowineda\tang-nano-20k\tinygpu_v4\src\neorv32_bootrom_rom.vhd":21)
Analyzing architecture 'neorv32_bootrom_rom_rtl'("C:\Users\Dell\Desktop\neorv32-setups\gowineda\tang-nano-20k\tinygpu_v4\src\neorv32_bootrom_rom.vhd":33)
Analyzing VHDL file 'C:\Users\Dell\Desktop\neorv32-setups\gowineda\tang-nano-20k\tinygpu_v4\src\neorv32_bus.vhd'
Analyzing entity 'neorv32_bus_switch'("C:\Users\Dell\Desktop\neorv32-setups\gowineda\tang-nano-20k\tinygpu_v4\src\neorv32_bus.vhd":17)
Analyzing architecture 'neorv32_bus_switch_rtl'("C:\Users\Dell\Desktop\neorv32-setups\gowineda\tang-nano-20k\tinygpu_v4\src\neorv32_bus.vhd":35)
Analyzing entity 'neorv32_bus_reg'("C:\Users\Dell\Desktop\neorv32-setups\gowineda\tang-nano-20k\tinygpu_v4\src\neorv32_bus.vhd":173)
Analyzing architecture 'neorv32_bus_reg_rtl'("C:\Users\Dell\Desktop\neorv32-setups\gowineda\tang-nano-20k\tinygpu_v4\src\neorv32_bus.vhd":190)
Analyzing entity 'neorv32_bus_gateway'("C:\Users\Dell\Desktop\neorv32-setups\gowineda\tang-nano-20k\tinygpu_v4\src\neorv32_bus.vhd":266)
Analyzing architecture 'neorv32_bus_gateway_rtl'("C:\Users\Dell\Desktop\neorv32-setups\gowineda\tang-nano-20k\tinygpu_v4\src\neorv32_bus.vhd":305)
Analyzing entity 'neorv32_bus_io_switch'("C:\Users\Dell\Desktop\neorv32-setups\gowineda\tang-nano-20k\tinygpu_v4\src\neorv32_bus.vhd":469)
Analyzing architecture 'neorv32_bus_io_switch_rtl'("C:\Users\Dell\Desktop\neorv32-setups\gowineda\tang-nano-20k\tinygpu_v4\src\neorv32_bus.vhd":549)
Analyzing entity 'neorv32_bus_amo_rmw'("C:\Users\Dell\Desktop\neorv32-setups\gowineda\tang-nano-20k\tinygpu_v4\src\neorv32_bus.vhd":704)
Analyzing architecture 'neorv32_bus_amo_rmw_rtl'("C:\Users\Dell\Desktop\neorv32-setups\gowineda\tang-nano-20k\tinygpu_v4\src\neorv32_bus.vhd":718)
Analyzing entity 'neorv32_bus_amo_rvs'("C:\Users\Dell\Desktop\neorv32-setups\gowineda\tang-nano-20k\tinygpu_v4\src\neorv32_bus.vhd":858)
Analyzing architecture 'neorv32_bus_amo_rvs_rtl'("C:\Users\Dell\Desktop\neorv32-setups\gowineda\tang-nano-20k\tinygpu_v4\src\neorv32_bus.vhd":872)
Analyzing VHDL file 'C:\Users\Dell\Desktop\neorv32-setups\gowineda\tang-nano-20k\tinygpu_v4\src\neorv32_cache.vhd'
Analyzing entity 'neorv32_cache'("C:\Users\Dell\Desktop\neorv32-setups\gowineda\tang-nano-20k\tinygpu_v4\src\neorv32_cache.vhd":28)
Analyzing architecture 'neorv32_cache_rtl'("C:\Users\Dell\Desktop\neorv32-setups\gowineda\tang-nano-20k\tinygpu_v4\src\neorv32_cache.vhd":46)
Analyzing VHDL file 'C:\Users\Dell\Desktop\neorv32-setups\gowineda\tang-nano-20k\tinygpu_v4\src\neorv32_prim.vhd'
Analyzing entity 'neorv32_prim_fifo'("C:\Users\Dell\Desktop\neorv32-setups\gowineda\tang-nano-20k\tinygpu_v4\src\neorv32_prim.vhd":24)
Analyzing architecture 'neorv32_prim_fifo_rtl'("C:\Users\Dell\Desktop\neorv32-setups\gowineda\tang-nano-20k\tinygpu_v4\src\neorv32_prim.vhd":46)
Analyzing entity 'neorv32_prim_spram'("C:\Users\Dell\Desktop\neorv32-setups\gowineda\tang-nano-20k\tinygpu_v4\src\neorv32_prim.vhd":168)
Analyzing architecture 'neorv32_prim_spram_rtl'("C:\Users\Dell\Desktop\neorv32-setups\gowineda\tang-nano-20k\tinygpu_v4\src\neorv32_prim.vhd":186)
Analyzing entity 'neorv32_prim_mul'("C:\Users\Dell\Desktop\neorv32-setups\gowineda\tang-nano-20k\tinygpu_v4\src\neorv32_prim.vhd":262)
Analyzing architecture 'neorv32_prim_mul_rtl'("C:\Users\Dell\Desktop\neorv32-setups\gowineda\tang-nano-20k\tinygpu_v4\src\neorv32_prim.vhd":280)
Analyzing entity 'neorv32_prim_cnt'("C:\Users\Dell\Desktop\neorv32-setups\gowineda\tang-nano-20k\tinygpu_v4\src\neorv32_prim.vhd":335)
Analyzing architecture 'neorv32_prim_cnt_rtl'("C:\Users\Dell\Desktop\neorv32-setups\gowineda\tang-nano-20k\tinygpu_v4\src\neorv32_prim.vhd":352)
Analyzing VHDL file 'C:\Users\Dell\Desktop\neorv32-setups\gowineda\tang-nano-20k\tinygpu_v4\src\neorv32_cache_ram.vhd'
Analyzing entity 'neorv32_cache_ram'("C:\Users\Dell\Desktop\neorv32-setups\gowineda\tang-nano-20k\tinygpu_v4\src\neorv32_cache_ram.vhd":20)
Analyzing architecture 'neorv32_cache_ram_rtl'("C:\Users\Dell\Desktop\neorv32-setups\gowineda\tang-nano-20k\tinygpu_v4\src\neorv32_cache_ram.vhd":40)
Analyzing VHDL file 'C:\Users\Dell\Desktop\neorv32-setups\gowineda\tang-nano-20k\tinygpu_v4\src\neorv32_cfs.vhd'
Analyzing entity 'neorv32_cfs'("C:\Users\Dell\Desktop\neorv32-setups\gowineda\tang-nano-20k\tinygpu_v4\src\neorv32_cfs.vhd":18)
Analyzing architecture 'neorv32_cfs_rtl'("C:\Users\Dell\Desktop\neorv32-setups\gowineda\tang-nano-20k\tinygpu_v4\src\neorv32_cfs.vhd":34)
Analyzing VHDL file 'C:\Users\Dell\Desktop\neorv32-setups\gowineda\tang-nano-20k\tinygpu_v4\src\neorv32_clint.vhd'
Analyzing entity 'neorv32_clint'("C:\Users\Dell\Desktop\neorv32-setups\gowineda\tang-nano-20k\tinygpu_v4\src\neorv32_clint.vhd":21)
Analyzing architecture 'neorv32_clint_rtl'("C:\Users\Dell\Desktop\neorv32-setups\gowineda\tang-nano-20k\tinygpu_v4\src\neorv32_clint.vhd":36)
Analyzing entity 'neorv32_clint_mtimecmp'("C:\Users\Dell\Desktop\neorv32-setups\gowineda\tang-nano-20k\tinygpu_v4\src\neorv32_clint.vhd":218)
Analyzing architecture 'neorv32_clint_mtimecmp_rtl'("C:\Users\Dell\Desktop\neorv32-setups\gowineda\tang-nano-20k\tinygpu_v4\src\neorv32_clint.vhd":231)
Analyzing VHDL file 'C:\Users\Dell\Desktop\neorv32-setups\gowineda\tang-nano-20k\tinygpu_v4\src\neorv32_cpu_decompressor.vhd'
Analyzing entity 'neorv32_cpu_decompressor'("C:\Users\Dell\Desktop\neorv32-setups\gowineda\tang-nano-20k\tinygpu_v4\src\neorv32_cpu_decompressor.vhd":21)
Analyzing architecture 'neorv32_cpu_decompressor_rtl'("C:\Users\Dell\Desktop\neorv32-setups\gowineda\tang-nano-20k\tinygpu_v4\src\neorv32_cpu_decompressor.vhd":31)
Analyzing VHDL file 'C:\Users\Dell\Desktop\neorv32-setups\gowineda\tang-nano-20k\tinygpu_v4\src\neorv32_cpu_frontend.vhd'
Analyzing entity 'neorv32_cpu_frontend'("C:\Users\Dell\Desktop\neorv32-setups\gowineda\tang-nano-20k\tinygpu_v4\src\neorv32_cpu_frontend.vhd":22)
Analyzing architecture 'neorv32_cpu_frontend_rtl'("C:\Users\Dell\Desktop\neorv32-setups\gowineda\tang-nano-20k\tinygpu_v4\src\neorv32_cpu_frontend.vhd":45)
Analyzing entity 'neorv32_cpu_frontend_ipb'("C:\Users\Dell\Desktop\neorv32-setups\gowineda\tang-nano-20k\tinygpu_v4\src\neorv32_cpu_frontend.vhd":326)
Analyzing architecture 'neorv32_cpu_frontend_ipb_rtl'("C:\Users\Dell\Desktop\neorv32-setups\gowineda\tang-nano-20k\tinygpu_v4\src\neorv32_cpu_frontend.vhd":347)
Analyzing VHDL file 'C:\Users\Dell\Desktop\neorv32-setups\gowineda\tang-nano-20k\tinygpu_v4\src\neorv32_cpu_control.vhd'
Analyzing entity 'neorv32_cpu_control'("C:\Users\Dell\Desktop\neorv32-setups\gowineda\tang-nano-20k\tinygpu_v4\src\neorv32_cpu_control.vhd":18)
Analyzing architecture 'neorv32_cpu_control_rtl'("C:\Users\Dell\Desktop\neorv32-setups\gowineda\tang-nano-20k\tinygpu_v4\src\neorv32_cpu_control.vhd":91)
Analyzing VHDL file 'C:\Users\Dell\Desktop\neorv32-setups\gowineda\tang-nano-20k\tinygpu_v4\src\neorv32_cpu_hwtrig.vhd'
Analyzing entity 'neorv32_cpu_hwtrig'("C:\Users\Dell\Desktop\neorv32-setups\gowineda\tang-nano-20k\tinygpu_v4\src\neorv32_cpu_hwtrig.vhd":21)
Analyzing architecture 'neorv32_cpu_hwtrig_rtl'("C:\Users\Dell\Desktop\neorv32-setups\gowineda\tang-nano-20k\tinygpu_v4\src\neorv32_cpu_hwtrig.vhd":39)
Analyzing VHDL file 'C:\Users\Dell\Desktop\neorv32-setups\gowineda\tang-nano-20k\tinygpu_v4\src\neorv32_cpu_counters.vhd'
Analyzing entity 'neorv32_cpu_counters'("C:\Users\Dell\Desktop\neorv32-setups\gowineda\tang-nano-20k\tinygpu_v4\src\neorv32_cpu_counters.vhd":23)
Analyzing architecture 'neorv32_cpu_counters_rtl'("C:\Users\Dell\Desktop\neorv32-setups\gowineda\tang-nano-20k\tinygpu_v4\src\neorv32_cpu_counters.vhd":42)
Analyzing VHDL file 'C:\Users\Dell\Desktop\neorv32-setups\gowineda\tang-nano-20k\tinygpu_v4\src\neorv32_cpu_regfile.vhd'
Analyzing entity 'neorv32_cpu_regfile'("C:\Users\Dell\Desktop\neorv32-setups\gowineda\tang-nano-20k\tinygpu_v4\src\neorv32_cpu_regfile.vhd":28)
Analyzing architecture 'neorv32_cpu_regfile_rtl'("C:\Users\Dell\Desktop\neorv32-setups\gowineda\tang-nano-20k\tinygpu_v4\src\neorv32_cpu_regfile.vhd":46)
Analyzing VHDL file 'C:\Users\Dell\Desktop\neorv32-setups\gowineda\tang-nano-20k\tinygpu_v4\src\neorv32_cpu_alu_shifter.vhd'
Analyzing entity 'neorv32_cpu_alu_shifter'("C:\Users\Dell\Desktop\neorv32-setups\gowineda\tang-nano-20k\tinygpu_v4\src\neorv32_cpu_alu_shifter.vhd":21)
Analyzing architecture 'neorv32_cpu_alu_shifter_rtl'("C:\Users\Dell\Desktop\neorv32-setups\gowineda\tang-nano-20k\tinygpu_v4\src\neorv32_cpu_alu_shifter.vhd":39)
Analyzing VHDL file 'C:\Users\Dell\Desktop\neorv32-setups\gowineda\tang-nano-20k\tinygpu_v4\src\neorv32_cpu_alu_muldiv.vhd'
Analyzing entity 'neorv32_cpu_alu_muldiv'("C:\Users\Dell\Desktop\neorv32-setups\gowineda\tang-nano-20k\tinygpu_v4\src\neorv32_cpu_alu_muldiv.vhd":23)
Analyzing architecture 'neorv32_cpu_alu_muldiv_rtl'("C:\Users\Dell\Desktop\neorv32-setups\gowineda\tang-nano-20k\tinygpu_v4\src\neorv32_cpu_alu_muldiv.vhd":42)
Analyzing VHDL file 'C:\Users\Dell\Desktop\neorv32-setups\gowineda\tang-nano-20k\tinygpu_v4\src\neorv32_cpu_alu_bitmanip.vhd'
Analyzing entity 'neorv32_cpu_alu_bitmanip'("C:\Users\Dell\Desktop\neorv32-setups\gowineda\tang-nano-20k\tinygpu_v4\src\neorv32_cpu_alu_bitmanip.vhd":27)
Analyzing architecture 'neorv32_cpu_alu_bitmanip_rtl'("C:\Users\Dell\Desktop\neorv32-setups\gowineda\tang-nano-20k\tinygpu_v4\src\neorv32_cpu_alu_bitmanip.vhd":53)
Analyzing VHDL file 'C:\Users\Dell\Desktop\neorv32-setups\gowineda\tang-nano-20k\tinygpu_v4\src\neorv32_cpu_alu_fpu.vhd'
Analyzing entity 'neorv32_cpu_alu_fpu'("C:\Users\Dell\Desktop\neorv32-setups\gowineda\tang-nano-20k\tinygpu_v4\src\neorv32_cpu_alu_fpu.vhd":33)
Analyzing architecture 'neorv32_cpu_alu_fpu_rtl'("C:\Users\Dell\Desktop\neorv32-setups\gowineda\tang-nano-20k\tinygpu_v4\src\neorv32_cpu_alu_fpu.vhd":59)
Analyzing entity 'neorv32_cpu_alu_fpu_normalizer'("C:\Users\Dell\Desktop\neorv32-setups\gowineda\tang-nano-20k\tinygpu_v4\src\neorv32_cpu_alu_fpu.vhd":1521)
Analyzing architecture 'neorv32_cpu_alu_fpu_normalizer_rtl'("C:\Users\Dell\Desktop\neorv32-setups\gowineda\tang-nano-20k\tinygpu_v4\src\neorv32_cpu_alu_fpu.vhd":1547)
Analyzing entity 'neorv32_cpu_alu_fpu_f2i'("C:\Users\Dell\Desktop\neorv32-setups\gowineda\tang-nano-20k\tinygpu_v4\src\neorv32_cpu_alu_fpu.vhd":1956)
Analyzing architecture 'neorv32_cpu_alu_fpu_f2i_rtl'("C:\Users\Dell\Desktop\neorv32-setups\gowineda\tang-nano-20k\tinygpu_v4\src\neorv32_cpu_alu_fpu.vhd":1980)
Analyzing VHDL file 'C:\Users\Dell\Desktop\neorv32-setups\gowineda\tang-nano-20k\tinygpu_v4\src\neorv32_cpu_alu_cfu.vhd'
Analyzing entity 'neorv32_cpu_alu_cfu'("C:\Users\Dell\Desktop\neorv32-setups\gowineda\tang-nano-20k\tinygpu_v4\src\neorv32_cpu_alu_cfu.vhd":18)
Analyzing architecture 'neorv32_cpu_alu_cfu_rtl'("C:\Users\Dell\Desktop\neorv32-setups\gowineda\tang-nano-20k\tinygpu_v4\src\neorv32_cpu_alu_cfu.vhd":49)
Analyzing VHDL file 'C:\Users\Dell\Desktop\neorv32-setups\gowineda\tang-nano-20k\tinygpu_v4\src\neorv32_cpu_alu_cond.vhd'
Analyzing entity 'neorv32_cpu_alu_cond'("C:\Users\Dell\Desktop\neorv32-setups\gowineda\tang-nano-20k\tinygpu_v4\src\neorv32_cpu_alu_cond.vhd":17)
Analyzing architecture 'neorv32_cpu_alu_cond_rtl'("C:\Users\Dell\Desktop\neorv32-setups\gowineda\tang-nano-20k\tinygpu_v4\src\neorv32_cpu_alu_cond.vhd":32)
Analyzing VHDL file 'C:\Users\Dell\Desktop\neorv32-setups\gowineda\tang-nano-20k\tinygpu_v4\src\neorv32_cpu_alu_crypto.vhd'
Analyzing entity 'neorv32_cpu_alu_crypto'("C:\Users\Dell\Desktop\neorv32-setups\gowineda\tang-nano-20k\tinygpu_v4\src\neorv32_cpu_alu_crypto.vhd":25)
Analyzing architecture 'neorv32_cpu_alu_crypto_rtl'("C:\Users\Dell\Desktop\neorv32-setups\gowineda\tang-nano-20k\tinygpu_v4\src\neorv32_cpu_alu_crypto.vhd":47)
Analyzing VHDL file 'C:\Users\Dell\Desktop\neorv32-setups\gowineda\tang-nano-20k\tinygpu_v4\src\neorv32_cpu_alu.vhd'
Analyzing entity 'neorv32_cpu_alu'("C:\Users\Dell\Desktop\neorv32-setups\gowineda\tang-nano-20k\tinygpu_v4\src\neorv32_cpu_alu.vhd":18)
Analyzing architecture 'neorv32_cpu_alu_rtl'("C:\Users\Dell\Desktop\neorv32-setups\gowineda\tang-nano-20k\tinygpu_v4\src\neorv32_cpu_alu.vhd":60)
Analyzing VHDL file 'C:\Users\Dell\Desktop\neorv32-setups\gowineda\tang-nano-20k\tinygpu_v4\src\neorv32_cpu_lsu.vhd'
Analyzing entity 'neorv32_cpu_lsu'("C:\Users\Dell\Desktop\neorv32-setups\gowineda\tang-nano-20k\tinygpu_v4\src\neorv32_cpu_lsu.vhd":18)
Analyzing architecture 'neorv32_cpu_lsu_rtl'("C:\Users\Dell\Desktop\neorv32-setups\gowineda\tang-nano-20k\tinygpu_v4\src\neorv32_cpu_lsu.vhd":42)
Analyzing VHDL file 'C:\Users\Dell\Desktop\neorv32-setups\gowineda\tang-nano-20k\tinygpu_v4\src\neorv32_cpu_pmp.vhd'
Analyzing entity 'neorv32_cpu_pmp'("C:\Users\Dell\Desktop\neorv32-setups\gowineda\tang-nano-20k\tinygpu_v4\src\neorv32_cpu_pmp.vhd":22)
Analyzing architecture 'neorv32_cpu_pmp_rtl'("C:\Users\Dell\Desktop\neorv32-setups\gowineda\tang-nano-20k\tinygpu_v4\src\neorv32_cpu_pmp.vhd":46)
Analyzing VHDL file 'C:\Users\Dell\Desktop\neorv32-setups\gowineda\tang-nano-20k\tinygpu_v4\src\neorv32_cpu_trace.vhd'
Analyzing entity 'neorv32_cpu_trace'("C:\Users\Dell\Desktop\neorv32-setups\gowineda\tang-nano-20k\tinygpu_v4\src\neorv32_cpu_trace.vhd":18)
Analyzing architecture 'neorv32_cpu_trace_rtl'("C:\Users\Dell\Desktop\neorv32-setups\gowineda\tang-nano-20k\tinygpu_v4\src\neorv32_cpu_trace.vhd":36)
Analyzing entity 'neorv32_cpu_trace_simlog'("C:\Users\Dell\Desktop\neorv32-setups\gowineda\tang-nano-20k\tinygpu_v4\src\neorv32_cpu_trace.vhd":182)
Analyzing architecture 'neorv32_cpu_trace_simlog_rtl'("C:\Users\Dell\Desktop\neorv32-setups\gowineda\tang-nano-20k\tinygpu_v4\src\neorv32_cpu_trace.vhd":193)
Analyzing VHDL file 'C:\Users\Dell\Desktop\neorv32-setups\gowineda\tang-nano-20k\tinygpu_v4\src\neorv32_cpu.vhd'
Analyzing entity 'neorv32_cpu'("C:\Users\Dell\Desktop\neorv32-setups\gowineda\tang-nano-20k\tinygpu_v4\src\neorv32_cpu.vhd":21)
Analyzing architecture 'neorv32_cpu_rtl'("C:\Users\Dell\Desktop\neorv32-setups\gowineda\tang-nano-20k\tinygpu_v4\src\neorv32_cpu.vhd":99)
Analyzing VHDL file 'C:\Users\Dell\Desktop\neorv32-setups\gowineda\tang-nano-20k\tinygpu_v4\src\neorv32_debug_auth.vhd'
Analyzing entity 'neorv32_debug_auth'("C:\Users\Dell\Desktop\neorv32-setups\gowineda\tang-nano-20k\tinygpu_v4\src\neorv32_debug_auth.vhd":19)
Analyzing architecture 'neorv32_debug_auth_rtl'("C:\Users\Dell\Desktop\neorv32-setups\gowineda\tang-nano-20k\tinygpu_v4\src\neorv32_debug_auth.vhd":36)
Analyzing VHDL file 'C:\Users\Dell\Desktop\neorv32-setups\gowineda\tang-nano-20k\tinygpu_v4\src\neorv32_debug_dm.vhd'
Analyzing entity 'neorv32_debug_dm'("C:\Users\Dell\Desktop\neorv32-setups\gowineda\tang-nano-20k\tinygpu_v4\src\neorv32_debug_dm.vhd":21)
Analyzing architecture 'neorv32_debug_dm_rtl'("C:\Users\Dell\Desktop\neorv32-setups\gowineda\tang-nano-20k\tinygpu_v4\src\neorv32_debug_dm.vhd":42)
Analyzing VHDL file 'C:\Users\Dell\Desktop\neorv32-setups\gowineda\tang-nano-20k\tinygpu_v4\src\neorv32_debug_dtm.vhd'
Analyzing entity 'neorv32_debug_dtm'("C:\Users\Dell\Desktop\neorv32-setups\gowineda\tang-nano-20k\tinygpu_v4\src\neorv32_debug_dtm.vhd":19)
Analyzing architecture 'neorv32_debug_dtm_rtl'("C:\Users\Dell\Desktop\neorv32-setups\gowineda\tang-nano-20k\tinygpu_v4\src\neorv32_debug_dtm.vhd":40)
Analyzing VHDL file 'C:\Users\Dell\Desktop\neorv32-setups\gowineda\tang-nano-20k\tinygpu_v4\src\neorv32_dma.vhd'
Analyzing entity 'neorv32_dma'("C:\Users\Dell\Desktop\neorv32-setups\gowineda\tang-nano-20k\tinygpu_v4\src\neorv32_dma.vhd":18)
Analyzing architecture 'neorv32_dma_rtl'("C:\Users\Dell\Desktop\neorv32-setups\gowineda\tang-nano-20k\tinygpu_v4\src\neorv32_dma.vhd":33)
Analyzing VHDL file 'C:\Users\Dell\Desktop\neorv32-setups\gowineda\tang-nano-20k\tinygpu_v4\src\neorv32_dmem.vhd'
Analyzing entity 'neorv32_dmem'("C:\Users\Dell\Desktop\neorv32-setups\gowineda\tang-nano-20k\tinygpu_v4\src\neorv32_dmem.vhd":17)
Analyzing architecture 'neorv32_dmem_rtl'("C:\Users\Dell\Desktop\neorv32-setups\gowineda\tang-nano-20k\tinygpu_v4\src\neorv32_dmem.vhd":30)
Analyzing VHDL file 'C:\Users\Dell\Desktop\neorv32-setups\gowineda\tang-nano-20k\tinygpu_v4\src\neorv32_dmem_ram.vhd'
Analyzing entity 'neorv32_dmem_ram'("C:\Users\Dell\Desktop\neorv32-setups\gowineda\tang-nano-20k\tinygpu_v4\src\neorv32_dmem_ram.vhd":20)
Analyzing architecture 'neorv32_dmem_ram_rtl'("C:\Users\Dell\Desktop\neorv32-setups\gowineda\tang-nano-20k\tinygpu_v4\src\neorv32_dmem_ram.vhd":35)
Analyzing VHDL file 'C:\Users\Dell\Desktop\neorv32-setups\gowineda\tang-nano-20k\tinygpu_v4\src\neorv32_gpio.vhd'
Analyzing entity 'neorv32_gpio'("C:\Users\Dell\Desktop\neorv32-setups\gowineda\tang-nano-20k\tinygpu_v4\src\neorv32_gpio.vhd":17)
Analyzing architecture 'neorv32_gpio_rtl'("C:\Users\Dell\Desktop\neorv32-setups\gowineda\tang-nano-20k\tinygpu_v4\src\neorv32_gpio.vhd":32)
Analyzing VHDL file 'C:\Users\Dell\Desktop\neorv32-setups\gowineda\tang-nano-20k\tinygpu_v4\src\neorv32_gptmr.vhd'
Analyzing entity 'neorv32_gptmr'("C:\Users\Dell\Desktop\neorv32-setups\gowineda\tang-nano-20k\tinygpu_v4\src\neorv32_gptmr.vhd":20)
Analyzing architecture 'neorv32_gptmr_rtl'("C:\Users\Dell\Desktop\neorv32-setups\gowineda\tang-nano-20k\tinygpu_v4\src\neorv32_gptmr.vhd":34)
Analyzing entity 'neorv32_gptmr_slice'("C:\Users\Dell\Desktop\neorv32-setups\gowineda\tang-nano-20k\tinygpu_v4\src\neorv32_gptmr.vhd":211)
Analyzing architecture 'neorv32_gptmr_slice_rtl'("C:\Users\Dell\Desktop\neorv32-setups\gowineda\tang-nano-20k\tinygpu_v4\src\neorv32_gptmr.vhd":230)
Analyzing VHDL file 'C:\Users\Dell\Desktop\neorv32-setups\gowineda\tang-nano-20k\tinygpu_v4\src\neorv32_imem.vhd'
Analyzing entity 'neorv32_imem'("C:\Users\Dell\Desktop\neorv32-setups\gowineda\tang-nano-20k\tinygpu_v4\src\neorv32_imem.vhd":17)
Analyzing architecture 'neorv32_imem_rtl'("C:\Users\Dell\Desktop\neorv32-setups\gowineda\tang-nano-20k\tinygpu_v4\src\neorv32_imem.vhd":31)
Analyzing VHDL file 'C:\Users\Dell\Desktop\neorv32-setups\gowineda\tang-nano-20k\tinygpu_v4\src\neorv32_imem_image.vhd'
Analyzing package 'neorv32_imem_image'("C:\Users\Dell\Desktop\neorv32-setups\gowineda\tang-nano-20k\tinygpu_v4\src\neorv32_imem_image.vhd":4)
Analyzing VHDL file 'C:\Users\Dell\Desktop\neorv32-setups\gowineda\tang-nano-20k\tinygpu_v4\src\neorv32_imem_ram.vhd'
Analyzing entity 'neorv32_imem_ram'("C:\Users\Dell\Desktop\neorv32-setups\gowineda\tang-nano-20k\tinygpu_v4\src\neorv32_imem_ram.vhd":20)
Analyzing architecture 'neorv32_imem_ram_rtl'("C:\Users\Dell\Desktop\neorv32-setups\gowineda\tang-nano-20k\tinygpu_v4\src\neorv32_imem_ram.vhd":35)
Analyzing VHDL file 'C:\Users\Dell\Desktop\neorv32-setups\gowineda\tang-nano-20k\tinygpu_v4\src\neorv32_imem_rom.vhd'
Analyzing entity 'neorv32_imem_rom'("C:\Users\Dell\Desktop\neorv32-setups\gowineda\tang-nano-20k\tinygpu_v4\src\neorv32_imem_rom.vhd":21)
Analyzing architecture 'neorv32_imem_rom_rtl'("C:\Users\Dell\Desktop\neorv32-setups\gowineda\tang-nano-20k\tinygpu_v4\src\neorv32_imem_rom.vhd":34)
Analyzing VHDL file 'C:\Users\Dell\Desktop\neorv32-setups\gowineda\tang-nano-20k\tinygpu_v4\src\neorv32_neoled.vhd'
Analyzing entity 'neorv32_neoled'("C:\Users\Dell\Desktop\neorv32-setups\gowineda\tang-nano-20k\tinygpu_v4\src\neorv32_neoled.vhd":18)
Analyzing architecture 'neorv32_neoled_rtl'("C:\Users\Dell\Desktop\neorv32-setups\gowineda\tang-nano-20k\tinygpu_v4\src\neorv32_neoled.vhd":33)
Analyzing VHDL file 'C:\Users\Dell\Desktop\neorv32-setups\gowineda\tang-nano-20k\tinygpu_v4\src\neorv32_onewire.vhd'
Analyzing entity 'neorv32_onewire'("C:\Users\Dell\Desktop\neorv32-setups\gowineda\tang-nano-20k\tinygpu_v4\src\neorv32_onewire.vhd":18)
Analyzing architecture 'neorv32_onewire_rtl'("C:\Users\Dell\Desktop\neorv32-setups\gowineda\tang-nano-20k\tinygpu_v4\src\neorv32_onewire.vhd":34)
Analyzing VHDL file 'C:\Users\Dell\Desktop\neorv32-setups\gowineda\tang-nano-20k\tinygpu_v4\src\neorv32_pwm.vhd'
Analyzing entity 'neorv32_pwm'("C:\Users\Dell\Desktop\neorv32-setups\gowineda\tang-nano-20k\tinygpu_v4\src\neorv32_pwm.vhd":21)
Analyzing architecture 'neorv32_pwm_rtl'("C:\Users\Dell\Desktop\neorv32-setups\gowineda\tang-nano-20k\tinygpu_v4\src\neorv32_pwm.vhd":35)
Analyzing entity 'neorv32_pwm_channel'("C:\Users\Dell\Desktop\neorv32-setups\gowineda\tang-nano-20k\tinygpu_v4\src\neorv32_pwm.vhd":187)
Analyzing architecture 'neorv32_pwm_channel_rtl'("C:\Users\Dell\Desktop\neorv32-setups\gowineda\tang-nano-20k\tinygpu_v4\src\neorv32_pwm.vhd":208)
Analyzing VHDL file 'C:\Users\Dell\Desktop\neorv32-setups\gowineda\tang-nano-20k\tinygpu_v4\src\neorv32_sdi.vhd'
Analyzing entity 'neorv32_sdi'("C:\Users\Dell\Desktop\neorv32-setups\gowineda\tang-nano-20k\tinygpu_v4\src\neorv32_sdi.vhd":18)
Analyzing architecture 'neorv32_sdi_rtl'("C:\Users\Dell\Desktop\neorv32-setups\gowineda\tang-nano-20k\tinygpu_v4\src\neorv32_sdi.vhd":35)
Analyzing VHDL file 'C:\Users\Dell\Desktop\neorv32-setups\gowineda\tang-nano-20k\tinygpu_v4\src\neorv32_slink.vhd'
Analyzing entity 'neorv32_slink'("C:\Users\Dell\Desktop\neorv32-setups\gowineda\tang-nano-20k\tinygpu_v4\src\neorv32_slink.vhd":18)
Analyzing architecture 'neorv32_slink_rtl'("C:\Users\Dell\Desktop\neorv32-setups\gowineda\tang-nano-20k\tinygpu_v4\src\neorv32_slink.vhd":45)
Analyzing VHDL file 'C:\Users\Dell\Desktop\neorv32-setups\gowineda\tang-nano-20k\tinygpu_v4\src\neorv32_spi.vhd'
Analyzing entity 'neorv32_spi'("C:\Users\Dell\Desktop\neorv32-setups\gowineda\tang-nano-20k\tinygpu_v4\src\neorv32_spi.vhd":18)
Analyzing architecture 'neorv32_spi_rtl'("C:\Users\Dell\Desktop\neorv32-setups\gowineda\tang-nano-20k\tinygpu_v4\src\neorv32_spi.vhd":36)
Analyzing VHDL file 'C:\Users\Dell\Desktop\neorv32-setups\gowineda\tang-nano-20k\tinygpu_v4\src\neorv32_sys.vhd'
Analyzing entity 'neorv32_sys_reset'("C:\Users\Dell\Desktop\neorv32-setups\gowineda\tang-nano-20k\tinygpu_v4\src\neorv32_sys.vhd":17)
Analyzing architecture 'neorv32_sys_reset_rtl'("C:\Users\Dell\Desktop\neorv32-setups\gowineda\tang-nano-20k\tinygpu_v4\src\neorv32_sys.vhd":34)
Analyzing entity 'neorv32_sys_clock'("C:\Users\Dell\Desktop\neorv32-setups\gowineda\tang-nano-20k\tinygpu_v4\src\neorv32_sys.vhd":97)
Analyzing architecture 'neorv32_sys_clock_rtl'("C:\Users\Dell\Desktop\neorv32-setups\gowineda\tang-nano-20k\tinygpu_v4\src\neorv32_sys.vhd":106)
Analyzing VHDL file 'C:\Users\Dell\Desktop\neorv32-setups\gowineda\tang-nano-20k\tinygpu_v4\src\neorv32_sysinfo.vhd'
Analyzing entity 'neorv32_sysinfo'("C:\Users\Dell\Desktop\neorv32-setups\gowineda\tang-nano-20k\tinygpu_v4\src\neorv32_sysinfo.vhd":18)
Analyzing architecture 'neorv32_sysinfo_rtl'("C:\Users\Dell\Desktop\neorv32-setups\gowineda\tang-nano-20k\tinygpu_v4\src\neorv32_sysinfo.vhd":67)
Analyzing VHDL file 'C:\Users\Dell\Desktop\neorv32-setups\gowineda\tang-nano-20k\tinygpu_v4\src\neorv32_tinygpu.vhd'
Analyzing entity 'neorv32_tinygpu'("C:\Users\Dell\Desktop\neorv32-setups\gowineda\tang-nano-20k\tinygpu_v4\src\neorv32_tinygpu.vhd":8)
Analyzing architecture 'rtl'("C:\Users\Dell\Desktop\neorv32-setups\gowineda\tang-nano-20k\tinygpu_v4\src\neorv32_tinygpu.vhd":18)
Analyzing VHDL file 'C:\Users\Dell\Desktop\neorv32-setups\gowineda\tang-nano-20k\tinygpu_v4\src\neorv32_tinygpu_wrapper.vhd'
Analyzing entity 'neorv32_tinygpu_wrapper'("C:\Users\Dell\Desktop\neorv32-setups\gowineda\tang-nano-20k\tinygpu_v4\src\neorv32_tinygpu_wrapper.vhd":13)
Analyzing architecture 'neorv32_tinygpu_wrapper_rtl'("C:\Users\Dell\Desktop\neorv32-setups\gowineda\tang-nano-20k\tinygpu_v4\src\neorv32_tinygpu_wrapper.vhd":34)
Analyzing VHDL file 'C:\Users\Dell\Desktop\neorv32-setups\gowineda\tang-nano-20k\tinygpu_v4\src\neorv32_xbus.vhd'
Analyzing entity 'neorv32_xbus'("C:\Users\Dell\Desktop\neorv32-setups\gowineda\tang-nano-20k\tinygpu_v4\src\neorv32_xbus.vhd":21)
Analyzing architecture 'neorv32_xbus_rtl'("C:\Users\Dell\Desktop\neorv32-setups\gowineda\tang-nano-20k\tinygpu_v4\src\neorv32_xbus.vhd":45)
Analyzing VHDL file 'C:\Users\Dell\Desktop\neorv32-setups\gowineda\tang-nano-20k\tinygpu_v4\src\neorv32_wdt.vhd'
Analyzing entity 'neorv32_wdt'("C:\Users\Dell\Desktop\neorv32-setups\gowineda\tang-nano-20k\tinygpu_v4\src\neorv32_wdt.vhd":18)
Analyzing architecture 'neorv32_wdt_rtl'("C:\Users\Dell\Desktop\neorv32-setups\gowineda\tang-nano-20k\tinygpu_v4\src\neorv32_wdt.vhd":31)
Analyzing VHDL file 'C:\Users\Dell\Desktop\neorv32-setups\gowineda\tang-nano-20k\tinygpu_v4\src\neorv32_uart.vhd'
Analyzing entity 'neorv32_uart'("C:\Users\Dell\Desktop\neorv32-setups\gowineda\tang-nano-20k\tinygpu_v4\src\neorv32_uart.vhd":24)
Analyzing architecture 'neorv32_uart_rtl'("C:\Users\Dell\Desktop\neorv32-setups\gowineda\tang-nano-20k\tinygpu_v4\src\neorv32_uart.vhd":43)
Analyzing VHDL file 'C:\Users\Dell\Desktop\neorv32-setups\gowineda\tang-nano-20k\tinygpu_v4\src\neorv32_twi.vhd'
Analyzing entity 'neorv32_twi'("C:\Users\Dell\Desktop\neorv32-setups\gowineda\tang-nano-20k\tinygpu_v4\src\neorv32_twi.vhd":18)
Analyzing architecture 'neorv32_twi_rtl'("C:\Users\Dell\Desktop\neorv32-setups\gowineda\tang-nano-20k\tinygpu_v4\src\neorv32_twi.vhd":36)
Analyzing VHDL file 'C:\Users\Dell\Desktop\neorv32-setups\gowineda\tang-nano-20k\tinygpu_v4\src\neorv32_twd.vhd'
Analyzing entity 'neorv32_twd'("C:\Users\Dell\Desktop\neorv32-setups\gowineda\tang-nano-20k\tinygpu_v4\src\neorv32_twd.vhd":18)
Analyzing architecture 'neorv32_twd_rtl'("C:\Users\Dell\Desktop\neorv32-setups\gowineda\tang-nano-20k\tinygpu_v4\src\neorv32_twd.vhd":36)
Analyzing VHDL file 'C:\Users\Dell\Desktop\neorv32-setups\gowineda\tang-nano-20k\tinygpu_v4\src\neorv32_trng.vhd'
Analyzing entity 'neorv32_trng'("C:\Users\Dell\Desktop\neorv32-setups\gowineda\tang-nano-20k\tinygpu_v4\src\neorv32_trng.vhd":20)
Analyzing architecture 'neorv32_trng_rtl'("C:\Users\Dell\Desktop\neorv32-setups\gowineda\tang-nano-20k\tinygpu_v4\src\neorv32_trng.vhd":33)
Analyzing entity 'neotrng'("C:\Users\Dell\Desktop\neorv32-setups\gowineda\tang-nano-20k\tinygpu_v4\src\neorv32_trng.vhd":223)
Analyzing architecture 'neotrng_rtl'("C:\Users\Dell\Desktop\neorv32-setups\gowineda\tang-nano-20k\tinygpu_v4\src\neorv32_trng.vhd":239)
Analyzing entity 'neotrng_cell'("C:\Users\Dell\Desktop\neorv32-setups\gowineda\tang-nano-20k\tinygpu_v4\src\neorv32_trng.vhd":399)
Analyzing architecture 'neotrng_cell_rtl'("C:\Users\Dell\Desktop\neorv32-setups\gowineda\tang-nano-20k\tinygpu_v4\src\neorv32_trng.vhd":413)
Analyzing VHDL file 'C:\Users\Dell\Desktop\neorv32-setups\gowineda\tang-nano-20k\tinygpu_v4\src\neorv32_tracer.vhd'
Analyzing entity 'neorv32_tracer'("C:\Users\Dell\Desktop\neorv32-setups\gowineda\tang-nano-20k\tinygpu_v4\src\neorv32_tracer.vhd":18)
Analyzing architecture 'neorv32_tracer_rtl'("C:\Users\Dell\Desktop\neorv32-setups\gowineda\tang-nano-20k\tinygpu_v4\src\neorv32_tracer.vhd":37)
Analyzing VHDL file 'C:\Users\Dell\Desktop\neorv32-setups\gowineda\tang-nano-20k\tinygpu_v4\src\neorv32_top.vhd'
Analyzing entity 'neorv32_top'("C:\Users\Dell\Desktop\neorv32-setups\gowineda\tang-nano-20k\tinygpu_v4\src\neorv32_top.vhd":21)
Analyzing architecture 'neorv32_top_rtl'("C:\Users\Dell\Desktop\neorv32-setups\gowineda\tang-nano-20k\tinygpu_v4\src\neorv32_top.vhd":251)
Analyzing VHDL file 'C:\Users\Dell\Desktop\neorv32-setups\gowineda\tang-nano-20k\src\neorv32_bootrom.vhd'
Analyzing entity 'neorv32_bootrom'("C:\Users\Dell\Desktop\neorv32-setups\gowineda\tang-nano-20k\src\neorv32_bootrom.vhd":17)
Analyzing architecture 'neorv32_bootrom_rtl'("C:\Users\Dell\Desktop\neorv32-setups\gowineda\tang-nano-20k\src\neorv32_bootrom.vhd":26)
Analyzing VHDL file 'C:\Users\Dell\Desktop\neorv32-setups\gowineda\tang-nano-20k\src\neorv32_bootrom_image.vhd'
Analyzing package 'neorv32_bootrom_image'("C:\Users\Dell\Desktop\neorv32-setups\gowineda\tang-nano-20k\src\neorv32_bootrom_image.vhd":4)
Analyzing VHDL file 'C:\Users\Dell\Desktop\neorv32-setups\gowineda\tang-nano-20k\src\neorv32_bootrom_rom.vhd'
Analyzing entity 'neorv32_bootrom_rom'("C:\Users\Dell\Desktop\neorv32-setups\gowineda\tang-nano-20k\src\neorv32_bootrom_rom.vhd":21)
Analyzing architecture 'neorv32_bootrom_rom_rtl'("C:\Users\Dell\Desktop\neorv32-setups\gowineda\tang-nano-20k\src\neorv32_bootrom_rom.vhd":33)
Analyzing VHDL file 'C:\Users\Dell\Desktop\neorv32-setups\gowineda\tang-nano-20k\src\neorv32_bus.vhd'
Analyzing entity 'neorv32_bus_switch'("C:\Users\Dell\Desktop\neorv32-setups\gowineda\tang-nano-20k\src\neorv32_bus.vhd":17)
Analyzing architecture 'neorv32_bus_switch_rtl'("C:\Users\Dell\Desktop\neorv32-setups\gowineda\tang-nano-20k\src\neorv32_bus.vhd":35)
Analyzing entity 'neorv32_bus_reg'("C:\Users\Dell\Desktop\neorv32-setups\gowineda\tang-nano-20k\src\neorv32_bus.vhd":173)
Analyzing architecture 'neorv32_bus_reg_rtl'("C:\Users\Dell\Desktop\neorv32-setups\gowineda\tang-nano-20k\src\neorv32_bus.vhd":190)
Analyzing entity 'neorv32_bus_gateway'("C:\Users\Dell\Desktop\neorv32-setups\gowineda\tang-nano-20k\src\neorv32_bus.vhd":266)
Analyzing architecture 'neorv32_bus_gateway_rtl'("C:\Users\Dell\Desktop\neorv32-setups\gowineda\tang-nano-20k\src\neorv32_bus.vhd":305)
Analyzing entity 'neorv32_bus_io_switch'("C:\Users\Dell\Desktop\neorv32-setups\gowineda\tang-nano-20k\src\neorv32_bus.vhd":469)
Analyzing architecture 'neorv32_bus_io_switch_rtl'("C:\Users\Dell\Desktop\neorv32-setups\gowineda\tang-nano-20k\src\neorv32_bus.vhd":549)
Analyzing entity 'neorv32_bus_amo_rmw'("C:\Users\Dell\Desktop\neorv32-setups\gowineda\tang-nano-20k\src\neorv32_bus.vhd":704)
Analyzing architecture 'neorv32_bus_amo_rmw_rtl'("C:\Users\Dell\Desktop\neorv32-setups\gowineda\tang-nano-20k\src\neorv32_bus.vhd":718)
Analyzing entity 'neorv32_bus_amo_rvs'("C:\Users\Dell\Desktop\neorv32-setups\gowineda\tang-nano-20k\src\neorv32_bus.vhd":858)
Analyzing architecture 'neorv32_bus_amo_rvs_rtl'("C:\Users\Dell\Desktop\neorv32-setups\gowineda\tang-nano-20k\src\neorv32_bus.vhd":872)
Analyzing VHDL file 'C:\Users\Dell\Desktop\neorv32-setups\gowineda\tang-nano-20k\src\neorv32_cache.vhd'
Analyzing entity 'neorv32_cache'("C:\Users\Dell\Desktop\neorv32-setups\gowineda\tang-nano-20k\src\neorv32_cache.vhd":28)
Analyzing architecture 'neorv32_cache_rtl'("C:\Users\Dell\Desktop\neorv32-setups\gowineda\tang-nano-20k\src\neorv32_cache.vhd":46)
Analyzing VHDL file 'C:\Users\Dell\Desktop\neorv32-setups\gowineda\tang-nano-20k\src\neorv32_cache_ram.vhd'
Analyzing entity 'neorv32_cache_ram'("C:\Users\Dell\Desktop\neorv32-setups\gowineda\tang-nano-20k\src\neorv32_cache_ram.vhd":20)
Analyzing architecture 'neorv32_cache_ram_rtl'("C:\Users\Dell\Desktop\neorv32-setups\gowineda\tang-nano-20k\src\neorv32_cache_ram.vhd":40)
Analyzing VHDL file 'C:\Users\Dell\Desktop\neorv32-setups\gowineda\tang-nano-20k\src\neorv32_cfs.vhd'
Analyzing entity 'neorv32_cfs'("C:\Users\Dell\Desktop\neorv32-setups\gowineda\tang-nano-20k\src\neorv32_cfs.vhd":18)
Analyzing architecture 'neorv32_cfs_rtl'("C:\Users\Dell\Desktop\neorv32-setups\gowineda\tang-nano-20k\src\neorv32_cfs.vhd":34)
Analyzing VHDL file 'C:\Users\Dell\Desktop\neorv32-setups\gowineda\tang-nano-20k\src\neorv32_clint.vhd'
Analyzing entity 'neorv32_clint'("C:\Users\Dell\Desktop\neorv32-setups\gowineda\tang-nano-20k\src\neorv32_clint.vhd":21)
Analyzing architecture 'neorv32_clint_rtl'("C:\Users\Dell\Desktop\neorv32-setups\gowineda\tang-nano-20k\src\neorv32_clint.vhd":36)
Analyzing entity 'neorv32_clint_mtimecmp'("C:\Users\Dell\Desktop\neorv32-setups\gowineda\tang-nano-20k\src\neorv32_clint.vhd":218)
Analyzing architecture 'neorv32_clint_mtimecmp_rtl'("C:\Users\Dell\Desktop\neorv32-setups\gowineda\tang-nano-20k\src\neorv32_clint.vhd":231)
Analyzing VHDL file 'C:\Users\Dell\Desktop\neorv32-setups\gowineda\tang-nano-20k\src\neorv32_cpu.vhd'
Analyzing entity 'neorv32_cpu'("C:\Users\Dell\Desktop\neorv32-setups\gowineda\tang-nano-20k\src\neorv32_cpu.vhd":21)
Analyzing architecture 'neorv32_cpu_rtl'("C:\Users\Dell\Desktop\neorv32-setups\gowineda\tang-nano-20k\src\neorv32_cpu.vhd":99)
Analyzing VHDL file 'C:\Users\Dell\Desktop\neorv32-setups\gowineda\tang-nano-20k\src\neorv32_cpu_alu.vhd'
Analyzing entity 'neorv32_cpu_alu'("C:\Users\Dell\Desktop\neorv32-setups\gowineda\tang-nano-20k\src\neorv32_cpu_alu.vhd":18)
Analyzing architecture 'neorv32_cpu_alu_rtl'("C:\Users\Dell\Desktop\neorv32-setups\gowineda\tang-nano-20k\src\neorv32_cpu_alu.vhd":60)
Analyzing VHDL file 'C:\Users\Dell\Desktop\neorv32-setups\gowineda\tang-nano-20k\src\neorv32_cpu_alu_bitmanip.vhd'
Analyzing entity 'neorv32_cpu_alu_bitmanip'("C:\Users\Dell\Desktop\neorv32-setups\gowineda\tang-nano-20k\src\neorv32_cpu_alu_bitmanip.vhd":27)
Analyzing architecture 'neorv32_cpu_alu_bitmanip_rtl'("C:\Users\Dell\Desktop\neorv32-setups\gowineda\tang-nano-20k\src\neorv32_cpu_alu_bitmanip.vhd":53)
Analyzing VHDL file 'C:\Users\Dell\Desktop\neorv32-setups\gowineda\tang-nano-20k\src\neorv32_cpu_alu_cfu.vhd'
Analyzing entity 'neorv32_cpu_alu_cfu'("C:\Users\Dell\Desktop\neorv32-setups\gowineda\tang-nano-20k\src\neorv32_cpu_alu_cfu.vhd":18)
Analyzing architecture 'neorv32_cpu_alu_cfu_rtl'("C:\Users\Dell\Desktop\neorv32-setups\gowineda\tang-nano-20k\src\neorv32_cpu_alu_cfu.vhd":49)
Analyzing VHDL file 'C:\Users\Dell\Desktop\neorv32-setups\gowineda\tang-nano-20k\src\neorv32_cpu_alu_cond.vhd'
Analyzing entity 'neorv32_cpu_alu_cond'("C:\Users\Dell\Desktop\neorv32-setups\gowineda\tang-nano-20k\src\neorv32_cpu_alu_cond.vhd":17)
Analyzing architecture 'neorv32_cpu_alu_cond_rtl'("C:\Users\Dell\Desktop\neorv32-setups\gowineda\tang-nano-20k\src\neorv32_cpu_alu_cond.vhd":32)
Analyzing VHDL file 'C:\Users\Dell\Desktop\neorv32-setups\gowineda\tang-nano-20k\src\neorv32_cpu_alu_crypto.vhd'
Analyzing entity 'neorv32_cpu_alu_crypto'("C:\Users\Dell\Desktop\neorv32-setups\gowineda\tang-nano-20k\src\neorv32_cpu_alu_crypto.vhd":25)
Analyzing architecture 'neorv32_cpu_alu_crypto_rtl'("C:\Users\Dell\Desktop\neorv32-setups\gowineda\tang-nano-20k\src\neorv32_cpu_alu_crypto.vhd":47)
Analyzing VHDL file 'C:\Users\Dell\Desktop\neorv32-setups\gowineda\tang-nano-20k\src\neorv32_cpu_alu_fpu.vhd'
Analyzing entity 'neorv32_cpu_alu_fpu'("C:\Users\Dell\Desktop\neorv32-setups\gowineda\tang-nano-20k\src\neorv32_cpu_alu_fpu.vhd":33)
Analyzing architecture 'neorv32_cpu_alu_fpu_rtl'("C:\Users\Dell\Desktop\neorv32-setups\gowineda\tang-nano-20k\src\neorv32_cpu_alu_fpu.vhd":59)
Analyzing entity 'neorv32_cpu_alu_fpu_normalizer'("C:\Users\Dell\Desktop\neorv32-setups\gowineda\tang-nano-20k\src\neorv32_cpu_alu_fpu.vhd":1521)
Analyzing architecture 'neorv32_cpu_alu_fpu_normalizer_rtl'("C:\Users\Dell\Desktop\neorv32-setups\gowineda\tang-nano-20k\src\neorv32_cpu_alu_fpu.vhd":1547)
Analyzing entity 'neorv32_cpu_alu_fpu_f2i'("C:\Users\Dell\Desktop\neorv32-setups\gowineda\tang-nano-20k\src\neorv32_cpu_alu_fpu.vhd":1956)
Analyzing architecture 'neorv32_cpu_alu_fpu_f2i_rtl'("C:\Users\Dell\Desktop\neorv32-setups\gowineda\tang-nano-20k\src\neorv32_cpu_alu_fpu.vhd":1980)
Analyzing VHDL file 'C:\Users\Dell\Desktop\neorv32-setups\gowineda\tang-nano-20k\src\neorv32_cpu_alu_muldiv.vhd'
Analyzing entity 'neorv32_cpu_alu_muldiv'("C:\Users\Dell\Desktop\neorv32-setups\gowineda\tang-nano-20k\src\neorv32_cpu_alu_muldiv.vhd":23)
Analyzing architecture 'neorv32_cpu_alu_muldiv_rtl'("C:\Users\Dell\Desktop\neorv32-setups\gowineda\tang-nano-20k\src\neorv32_cpu_alu_muldiv.vhd":42)
Analyzing VHDL file 'C:\Users\Dell\Desktop\neorv32-setups\gowineda\tang-nano-20k\src\neorv32_cpu_alu_shifter.vhd'
Analyzing entity 'neorv32_cpu_alu_shifter'("C:\Users\Dell\Desktop\neorv32-setups\gowineda\tang-nano-20k\src\neorv32_cpu_alu_shifter.vhd":21)
Analyzing architecture 'neorv32_cpu_alu_shifter_rtl'("C:\Users\Dell\Desktop\neorv32-setups\gowineda\tang-nano-20k\src\neorv32_cpu_alu_shifter.vhd":39)
Analyzing VHDL file 'C:\Users\Dell\Desktop\neorv32-setups\gowineda\tang-nano-20k\src\neorv32_cpu_control.vhd'
Analyzing entity 'neorv32_cpu_control'("C:\Users\Dell\Desktop\neorv32-setups\gowineda\tang-nano-20k\src\neorv32_cpu_control.vhd":18)
Analyzing architecture 'neorv32_cpu_control_rtl'("C:\Users\Dell\Desktop\neorv32-setups\gowineda\tang-nano-20k\src\neorv32_cpu_control.vhd":91)
Analyzing VHDL file 'C:\Users\Dell\Desktop\neorv32-setups\gowineda\tang-nano-20k\src\neorv32_cpu_counters.vhd'
Analyzing entity 'neorv32_cpu_counters'("C:\Users\Dell\Desktop\neorv32-setups\gowineda\tang-nano-20k\src\neorv32_cpu_counters.vhd":23)
Analyzing architecture 'neorv32_cpu_counters_rtl'("C:\Users\Dell\Desktop\neorv32-setups\gowineda\tang-nano-20k\src\neorv32_cpu_counters.vhd":42)
Analyzing VHDL file 'C:\Users\Dell\Desktop\neorv32-setups\gowineda\tang-nano-20k\src\neorv32_cpu_decompressor.vhd'
Analyzing entity 'neorv32_cpu_decompressor'("C:\Users\Dell\Desktop\neorv32-setups\gowineda\tang-nano-20k\src\neorv32_cpu_decompressor.vhd":21)
Analyzing architecture 'neorv32_cpu_decompressor_rtl'("C:\Users\Dell\Desktop\neorv32-setups\gowineda\tang-nano-20k\src\neorv32_cpu_decompressor.vhd":31)
Analyzing VHDL file 'C:\Users\Dell\Desktop\neorv32-setups\gowineda\tang-nano-20k\src\neorv32_cpu_frontend.vhd'
Analyzing entity 'neorv32_cpu_frontend'("C:\Users\Dell\Desktop\neorv32-setups\gowineda\tang-nano-20k\src\neorv32_cpu_frontend.vhd":22)
Analyzing architecture 'neorv32_cpu_frontend_rtl'("C:\Users\Dell\Desktop\neorv32-setups\gowineda\tang-nano-20k\src\neorv32_cpu_frontend.vhd":45)
Analyzing entity 'neorv32_cpu_frontend_ipb'("C:\Users\Dell\Desktop\neorv32-setups\gowineda\tang-nano-20k\src\neorv32_cpu_frontend.vhd":326)
Analyzing architecture 'neorv32_cpu_frontend_ipb_rtl'("C:\Users\Dell\Desktop\neorv32-setups\gowineda\tang-nano-20k\src\neorv32_cpu_frontend.vhd":347)
Analyzing VHDL file 'C:\Users\Dell\Desktop\neorv32-setups\gowineda\tang-nano-20k\src\neorv32_cpu_hwtrig.vhd'
Analyzing entity 'neorv32_cpu_hwtrig'("C:\Users\Dell\Desktop\neorv32-setups\gowineda\tang-nano-20k\src\neorv32_cpu_hwtrig.vhd":21)
Analyzing architecture 'neorv32_cpu_hwtrig_rtl'("C:\Users\Dell\Desktop\neorv32-setups\gowineda\tang-nano-20k\src\neorv32_cpu_hwtrig.vhd":39)
Analyzing VHDL file 'C:\Users\Dell\Desktop\neorv32-setups\gowineda\tang-nano-20k\src\neorv32_cpu_lsu.vhd'
Analyzing entity 'neorv32_cpu_lsu'("C:\Users\Dell\Desktop\neorv32-setups\gowineda\tang-nano-20k\src\neorv32_cpu_lsu.vhd":18)
Analyzing architecture 'neorv32_cpu_lsu_rtl'("C:\Users\Dell\Desktop\neorv32-setups\gowineda\tang-nano-20k\src\neorv32_cpu_lsu.vhd":42)
Analyzing VHDL file 'C:\Users\Dell\Desktop\neorv32-setups\gowineda\tang-nano-20k\src\neorv32_cpu_pmp.vhd'
Analyzing entity 'neorv32_cpu_pmp'("C:\Users\Dell\Desktop\neorv32-setups\gowineda\tang-nano-20k\src\neorv32_cpu_pmp.vhd":22)
Analyzing architecture 'neorv32_cpu_pmp_rtl'("C:\Users\Dell\Desktop\neorv32-setups\gowineda\tang-nano-20k\src\neorv32_cpu_pmp.vhd":46)
Analyzing VHDL file 'C:\Users\Dell\Desktop\neorv32-setups\gowineda\tang-nano-20k\src\neorv32_cpu_regfile.vhd'
Analyzing entity 'neorv32_cpu_regfile'("C:\Users\Dell\Desktop\neorv32-setups\gowineda\tang-nano-20k\src\neorv32_cpu_regfile.vhd":28)
Analyzing architecture 'neorv32_cpu_regfile_rtl'("C:\Users\Dell\Desktop\neorv32-setups\gowineda\tang-nano-20k\src\neorv32_cpu_regfile.vhd":46)
Analyzing VHDL file 'C:\Users\Dell\Desktop\neorv32-setups\gowineda\tang-nano-20k\src\neorv32_cpu_trace.vhd'
Analyzing entity 'neorv32_cpu_trace'("C:\Users\Dell\Desktop\neorv32-setups\gowineda\tang-nano-20k\src\neorv32_cpu_trace.vhd":18)
Analyzing architecture 'neorv32_cpu_trace_rtl'("C:\Users\Dell\Desktop\neorv32-setups\gowineda\tang-nano-20k\src\neorv32_cpu_trace.vhd":36)
Analyzing entity 'neorv32_cpu_trace_simlog'("C:\Users\Dell\Desktop\neorv32-setups\gowineda\tang-nano-20k\src\neorv32_cpu_trace.vhd":182)
Analyzing architecture 'neorv32_cpu_trace_simlog_rtl'("C:\Users\Dell\Desktop\neorv32-setups\gowineda\tang-nano-20k\src\neorv32_cpu_trace.vhd":193)
Analyzing VHDL file 'C:\Users\Dell\Desktop\neorv32-setups\gowineda\tang-nano-20k\src\neorv32_debug_auth.vhd'
Analyzing entity 'neorv32_debug_auth'("C:\Users\Dell\Desktop\neorv32-setups\gowineda\tang-nano-20k\src\neorv32_debug_auth.vhd":19)
Analyzing architecture 'neorv32_debug_auth_rtl'("C:\Users\Dell\Desktop\neorv32-setups\gowineda\tang-nano-20k\src\neorv32_debug_auth.vhd":36)
Analyzing VHDL file 'C:\Users\Dell\Desktop\neorv32-setups\gowineda\tang-nano-20k\src\neorv32_debug_dm.vhd'
Analyzing entity 'neorv32_debug_dm'("C:\Users\Dell\Desktop\neorv32-setups\gowineda\tang-nano-20k\src\neorv32_debug_dm.vhd":21)
Analyzing architecture 'neorv32_debug_dm_rtl'("C:\Users\Dell\Desktop\neorv32-setups\gowineda\tang-nano-20k\src\neorv32_debug_dm.vhd":42)
Analyzing VHDL file 'C:\Users\Dell\Desktop\neorv32-setups\gowineda\tang-nano-20k\src\neorv32_debug_dtm.vhd'
Analyzing entity 'neorv32_debug_dtm'("C:\Users\Dell\Desktop\neorv32-setups\gowineda\tang-nano-20k\src\neorv32_debug_dtm.vhd":19)
Analyzing architecture 'neorv32_debug_dtm_rtl'("C:\Users\Dell\Desktop\neorv32-setups\gowineda\tang-nano-20k\src\neorv32_debug_dtm.vhd":40)
Analyzing VHDL file 'C:\Users\Dell\Desktop\neorv32-setups\gowineda\tang-nano-20k\src\neorv32_dma.vhd'
Analyzing entity 'neorv32_dma'("C:\Users\Dell\Desktop\neorv32-setups\gowineda\tang-nano-20k\src\neorv32_dma.vhd":18)
Analyzing architecture 'neorv32_dma_rtl'("C:\Users\Dell\Desktop\neorv32-setups\gowineda\tang-nano-20k\src\neorv32_dma.vhd":33)
Analyzing VHDL file 'C:\Users\Dell\Desktop\neorv32-setups\gowineda\tang-nano-20k\src\neorv32_dmem.vhd'
Analyzing entity 'neorv32_dmem'("C:\Users\Dell\Desktop\neorv32-setups\gowineda\tang-nano-20k\src\neorv32_dmem.vhd":17)
Analyzing architecture 'neorv32_dmem_rtl'("C:\Users\Dell\Desktop\neorv32-setups\gowineda\tang-nano-20k\src\neorv32_dmem.vhd":30)
Analyzing VHDL file 'C:\Users\Dell\Desktop\neorv32-setups\gowineda\tang-nano-20k\src\neorv32_dmem_ram.vhd'
Analyzing entity 'neorv32_dmem_ram'("C:\Users\Dell\Desktop\neorv32-setups\gowineda\tang-nano-20k\src\neorv32_dmem_ram.vhd":20)
Analyzing architecture 'neorv32_dmem_ram_rtl'("C:\Users\Dell\Desktop\neorv32-setups\gowineda\tang-nano-20k\src\neorv32_dmem_ram.vhd":35)
Analyzing VHDL file 'C:\Users\Dell\Desktop\neorv32-setups\gowineda\tang-nano-20k\src\neorv32_gpio.vhd'
Analyzing entity 'neorv32_gpio'("C:\Users\Dell\Desktop\neorv32-setups\gowineda\tang-nano-20k\src\neorv32_gpio.vhd":17)
Analyzing architecture 'neorv32_gpio_rtl'("C:\Users\Dell\Desktop\neorv32-setups\gowineda\tang-nano-20k\src\neorv32_gpio.vhd":32)
Analyzing VHDL file 'C:\Users\Dell\Desktop\neorv32-setups\gowineda\tang-nano-20k\src\neorv32_gptmr.vhd'
Analyzing entity 'neorv32_gptmr'("C:\Users\Dell\Desktop\neorv32-setups\gowineda\tang-nano-20k\src\neorv32_gptmr.vhd":20)
Analyzing architecture 'neorv32_gptmr_rtl'("C:\Users\Dell\Desktop\neorv32-setups\gowineda\tang-nano-20k\src\neorv32_gptmr.vhd":34)
Analyzing entity 'neorv32_gptmr_slice'("C:\Users\Dell\Desktop\neorv32-setups\gowineda\tang-nano-20k\src\neorv32_gptmr.vhd":211)
Analyzing architecture 'neorv32_gptmr_slice_rtl'("C:\Users\Dell\Desktop\neorv32-setups\gowineda\tang-nano-20k\src\neorv32_gptmr.vhd":230)
Analyzing VHDL file 'C:\Users\Dell\Desktop\neorv32-setups\gowineda\tang-nano-20k\src\neorv32_imem.vhd'
Analyzing entity 'neorv32_imem'("C:\Users\Dell\Desktop\neorv32-setups\gowineda\tang-nano-20k\src\neorv32_imem.vhd":17)
Analyzing architecture 'neorv32_imem_rtl'("C:\Users\Dell\Desktop\neorv32-setups\gowineda\tang-nano-20k\src\neorv32_imem.vhd":31)
Analyzing VHDL file 'C:\Users\Dell\Desktop\neorv32-setups\gowineda\tang-nano-20k\src\neorv32_imem_image.vhd'
Analyzing package 'neorv32_imem_image'("C:\Users\Dell\Desktop\neorv32-setups\gowineda\tang-nano-20k\src\neorv32_imem_image.vhd":4)
Analyzing VHDL file 'C:\Users\Dell\Desktop\neorv32-setups\gowineda\tang-nano-20k\src\neorv32_imem_ram.vhd'
Analyzing entity 'neorv32_imem_ram'("C:\Users\Dell\Desktop\neorv32-setups\gowineda\tang-nano-20k\src\neorv32_imem_ram.vhd":20)
Analyzing architecture 'neorv32_imem_ram_rtl'("C:\Users\Dell\Desktop\neorv32-setups\gowineda\tang-nano-20k\src\neorv32_imem_ram.vhd":35)
Analyzing VHDL file 'C:\Users\Dell\Desktop\neorv32-setups\gowineda\tang-nano-20k\src\neorv32_imem_rom.vhd'
Analyzing entity 'neorv32_imem_rom'("C:\Users\Dell\Desktop\neorv32-setups\gowineda\tang-nano-20k\src\neorv32_imem_rom.vhd":21)
Analyzing architecture 'neorv32_imem_rom_rtl'("C:\Users\Dell\Desktop\neorv32-setups\gowineda\tang-nano-20k\src\neorv32_imem_rom.vhd":34)
Analyzing VHDL file 'C:\Users\Dell\Desktop\neorv32-setups\gowineda\tang-nano-20k\src\neorv32_neoled.vhd'
Analyzing entity 'neorv32_neoled'("C:\Users\Dell\Desktop\neorv32-setups\gowineda\tang-nano-20k\src\neorv32_neoled.vhd":18)
Analyzing architecture 'neorv32_neoled_rtl'("C:\Users\Dell\Desktop\neorv32-setups\gowineda\tang-nano-20k\src\neorv32_neoled.vhd":33)
Analyzing VHDL file 'C:\Users\Dell\Desktop\neorv32-setups\gowineda\tang-nano-20k\src\neorv32_onewire.vhd'
Analyzing entity 'neorv32_onewire'("C:\Users\Dell\Desktop\neorv32-setups\gowineda\tang-nano-20k\src\neorv32_onewire.vhd":18)
Analyzing architecture 'neorv32_onewire_rtl'("C:\Users\Dell\Desktop\neorv32-setups\gowineda\tang-nano-20k\src\neorv32_onewire.vhd":34)
Analyzing VHDL file 'C:\Users\Dell\Desktop\neorv32-setups\gowineda\tang-nano-20k\src\neorv32_package.vhd'
Analyzing package 'neorv32_package'("C:\Users\Dell\Desktop\neorv32-setups\gowineda\tang-nano-20k\src\neorv32_package.vhd":15)
ERROR (EX4823) : Duplicate entity name 'neorv32_package'("C:\Users\Dell\Desktop\neorv32-setups\gowineda\tang-nano-20k\src\neorv32_package.vhd":15)
Re-analyze unit 'neorv32_test_setup_bootloader' since unit 'neorv32_package' is overwritten or removed("C:\Users\Dell\Desktop\neorv32-setups\gowineda\tang-nano-20k\tinygpu_v4\src\neorv32_test_setup_bootloader.vhd":18)
Re-analyze unit 'neorv32_bootrom' since unit 'neorv32_package' is overwritten or removed("C:\Users\Dell\Desktop\neorv32-setups\gowineda\tang-nano-20k\tinygpu_v4\src\neorv32_bootrom.vhd":17)
Re-analyze unit 'neorv32_top_rtl' since unit 'neorv32_bootrom' is overwritten or removed("C:\Users\Dell\Desktop\neorv32-setups\gowineda\tang-nano-20k\tinygpu_v4\src\neorv32_top.vhd":251)
Re-analyze unit 'neorv32_bootrom_rom' since unit 'neorv32_package' is overwritten or removed("C:\Users\Dell\Desktop\neorv32-setups\gowineda\tang-nano-20k\tinygpu_v4\src\neorv32_bootrom_rom.vhd":21)
Re-analyze unit 'neorv32_bus_switch' since unit 'neorv32_package' is overwritten or removed("C:\Users\Dell\Desktop\neorv32-setups\gowineda\tang-nano-20k\tinygpu_v4\src\neorv32_bus.vhd":17)
Re-analyze unit 'neorv32_bus_reg' since unit 'neorv32_package' is overwritten or removed("C:\Users\Dell\Desktop\neorv32-setups\gowineda\tang-nano-20k\tinygpu_v4\src\neorv32_bus.vhd":173)
Re-analyze unit 'neorv32_bus_io_switch_rtl' since unit 'neorv32_bus_reg' is overwritten or removed("C:\Users\Dell\Desktop\neorv32-setups\gowineda\tang-nano-20k\tinygpu_v4\src\neorv32_bus.vhd":549)
Re-analyze unit 'neorv32_xbus_rtl' since unit 'neorv32_bus_reg' is overwritten or removed("C:\Users\Dell\Desktop\neorv32-setups\gowineda\tang-nano-20k\tinygpu_v4\src\neorv32_xbus.vhd":45)
Re-analyze unit 'neorv32_bus_gateway' since unit 'neorv32_package' is overwritten or removed("C:\Users\Dell\Desktop\neorv32-setups\gowineda\tang-nano-20k\tinygpu_v4\src\neorv32_bus.vhd":266)
Re-analyze unit 'neorv32_bus_io_switch' since unit 'neorv32_package' is overwritten or removed("C:\Users\Dell\Desktop\neorv32-setups\gowineda\tang-nano-20k\tinygpu_v4\src\neorv32_bus.vhd":469)
Re-analyze unit 'neorv32_bus_amo_rmw' since unit 'neorv32_package' is overwritten or removed("C:\Users\Dell\Desktop\neorv32-setups\gowineda\tang-nano-20k\tinygpu_v4\src\neorv32_bus.vhd":704)
Re-analyze unit 'neorv32_bus_amo_rvs' since unit 'neorv32_package' is overwritten or removed("C:\Users\Dell\Desktop\neorv32-setups\gowineda\tang-nano-20k\tinygpu_v4\src\neorv32_bus.vhd":858)
Re-analyze unit 'neorv32_cache' since unit 'neorv32_package' is overwritten or removed("C:\Users\Dell\Desktop\neorv32-setups\gowineda\tang-nano-20k\tinygpu_v4\src\neorv32_cache.vhd":28)
Re-analyze unit 'neorv32_cache_ram' since unit 'neorv32_package' is overwritten or removed("C:\Users\Dell\Desktop\neorv32-setups\gowineda\tang-nano-20k\tinygpu_v4\src\neorv32_cache_ram.vhd":20)
Re-analyze unit 'neorv32_cfs' since unit 'neorv32_package' is overwritten or removed("C:\Users\Dell\Desktop\neorv32-setups\gowineda\tang-nano-20k\tinygpu_v4\src\neorv32_cfs.vhd":18)
Re-analyze unit 'neorv32_clint' since unit 'neorv32_package' is overwritten or removed("C:\Users\Dell\Desktop\neorv32-setups\gowineda\tang-nano-20k\tinygpu_v4\src\neorv32_clint.vhd":21)
Re-analyze unit 'neorv32_cpu_decompressor' since unit 'neorv32_package' is overwritten or removed("C:\Users\Dell\Desktop\neorv32-setups\gowineda\tang-nano-20k\tinygpu_v4\src\neorv32_cpu_decompressor.vhd":21)
Re-analyze unit 'neorv32_cpu_frontend_rtl' since unit 'neorv32_cpu_decompressor' is overwritten or removed("C:\Users\Dell\Desktop\neorv32-setups\gowineda\tang-nano-20k\tinygpu_v4\src\neorv32_cpu_frontend.vhd":45)
Re-analyze unit 'neorv32_cpu_frontend' since unit 'neorv32_package' is overwritten or removed("C:\Users\Dell\Desktop\neorv32-setups\gowineda\tang-nano-20k\tinygpu_v4\src\neorv32_cpu_frontend.vhd":22)
Re-analyze unit 'neorv32_cpu_rtl' since unit 'neorv32_cpu_frontend' is overwritten or removed("C:\Users\Dell\Desktop\neorv32-setups\gowineda\tang-nano-20k\tinygpu_v4\src\neorv32_cpu.vhd":99)
Re-analyze unit 'neorv32_cpu_frontend_ipb' since unit 'neorv32_package' is overwritten or removed("C:\Users\Dell\Desktop\neorv32-setups\gowineda\tang-nano-20k\tinygpu_v4\src\neorv32_cpu_frontend.vhd":326)
Re-analyze unit 'neorv32_cpu_control' since unit 'neorv32_package' is overwritten or removed("C:\Users\Dell\Desktop\neorv32-setups\gowineda\tang-nano-20k\tinygpu_v4\src\neorv32_cpu_control.vhd":18)
Re-analyze unit 'neorv32_cpu_hwtrig' since unit 'neorv32_package' is overwritten or removed("C:\Users\Dell\Desktop\neorv32-setups\gowineda\tang-nano-20k\tinygpu_v4\src\neorv32_cpu_hwtrig.vhd":21)
Re-analyze unit 'neorv32_cpu_counters' since unit 'neorv32_package' is overwritten or removed("C:\Users\Dell\Desktop\neorv32-setups\gowineda\tang-nano-20k\tinygpu_v4\src\neorv32_cpu_counters.vhd":23)
Re-analyze unit 'neorv32_cpu_regfile' since unit 'neorv32_package' is overwritten or removed("C:\Users\Dell\Desktop\neorv32-setups\gowineda\tang-nano-20k\tinygpu_v4\src\neorv32_cpu_regfile.vhd":28)
Re-analyze unit 'neorv32_cpu_alu_shifter' since unit 'neorv32_package' is overwritten or removed("C:\Users\Dell\Desktop\neorv32-setups\gowineda\tang-nano-20k\tinygpu_v4\src\neorv32_cpu_alu_shifter.vhd":21)
Re-analyze unit 'neorv32_cpu_alu_rtl' since unit 'neorv32_cpu_alu_shifter' is overwritten or removed("C:\Users\Dell\Desktop\neorv32-setups\gowineda\tang-nano-20k\tinygpu_v4\src\neorv32_cpu_alu.vhd":60)
Re-analyze unit 'neorv32_cpu_alu_muldiv' since unit 'neorv32_package' is overwritten or removed("C:\Users\Dell\Desktop\neorv32-setups\gowineda\tang-nano-20k\tinygpu_v4\src\neorv32_cpu_alu_muldiv.vhd":23)
Re-analyze unit 'neorv32_cpu_alu_bitmanip' since unit 'neorv32_package' is overwritten or removed("C:\Users\Dell\Desktop\neorv32-setups\gowineda\tang-nano-20k\tinygpu_v4\src\neorv32_cpu_alu_bitmanip.vhd":27)
Re-analyze unit 'neorv32_cpu_alu_fpu' since unit 'neorv32_package' is overwritten or removed("C:\Users\Dell\Desktop\neorv32-setups\gowineda\tang-nano-20k\tinygpu_v4\src\neorv32_cpu_alu_fpu.vhd":33)
Re-analyze unit 'neorv32_cpu_alu_fpu_normalizer' since unit 'neorv32_package' is overwritten or removed("C:\Users\Dell\Desktop\neorv32-setups\gowineda\tang-nano-20k\tinygpu_v4\src\neorv32_cpu_alu_fpu.vhd":1521)
Re-analyze unit 'neorv32_cpu_alu_fpu_f2i' since unit 'neorv32_package' is overwritten or removed("C:\Users\Dell\Desktop\neorv32-setups\gowineda\tang-nano-20k\tinygpu_v4\src\neorv32_cpu_alu_fpu.vhd":1956)
Re-analyze unit 'neorv32_cpu_alu_cond' since unit 'neorv32_package' is overwritten or removed("C:\Users\Dell\Desktop\neorv32-setups\gowineda\tang-nano-20k\tinygpu_v4\src\neorv32_cpu_alu_cond.vhd":17)
Re-analyze unit 'neorv32_cpu_alu_crypto' since unit 'neorv32_package' is overwritten or removed("C:\Users\Dell\Desktop\neorv32-setups\gowineda\tang-nano-20k\tinygpu_v4\src\neorv32_cpu_alu_crypto.vhd":25)
Re-analyze unit 'neorv32_cpu_alu' since unit 'neorv32_package' is overwritten or removed("C:\Users\Dell\Desktop\neorv32-setups\gowineda\tang-nano-20k\tinygpu_v4\src\neorv32_cpu_alu.vhd":18)
Re-analyze unit 'neorv32_cpu_lsu' since unit 'neorv32_package' is overwritten or removed("C:\Users\Dell\Desktop\neorv32-setups\gowineda\tang-nano-20k\tinygpu_v4\src\neorv32_cpu_lsu.vhd":18)
Re-analyze unit 'neorv32_cpu_pmp' since unit 'neorv32_package' is overwritten or removed("C:\Users\Dell\Desktop\neorv32-setups\gowineda\tang-nano-20k\tinygpu_v4\src\neorv32_cpu_pmp.vhd":22)
Re-analyze unit 'neorv32_cpu_trace' since unit 'neorv32_package' is overwritten or removed("C:\Users\Dell\Desktop\neorv32-setups\gowineda\tang-nano-20k\tinygpu_v4\src\neorv32_cpu_trace.vhd":18)
Re-analyze unit 'neorv32_cpu_trace_simlog' since unit 'neorv32_package' is overwritten or removed("C:\Users\Dell\Desktop\neorv32-setups\gowineda\tang-nano-20k\tinygpu_v4\src\neorv32_cpu_trace.vhd":182)
Re-analyze unit 'neorv32_tracer_rtl' since unit 'neorv32_cpu_trace_simlog' is overwritten or removed("C:\Users\Dell\Desktop\neorv32-setups\gowineda\tang-nano-20k\tinygpu_v4\src\neorv32_tracer.vhd":37)
Re-analyze unit 'neorv32_cpu' since unit 'neorv32_package' is overwritten or removed("C:\Users\Dell\Desktop\neorv32-setups\gowineda\tang-nano-20k\tinygpu_v4\src\neorv32_cpu.vhd":21)
Re-analyze unit 'neorv32_debug_dm' since unit 'neorv32_package' is overwritten or removed("C:\Users\Dell\Desktop\neorv32-setups\gowineda\tang-nano-20k\tinygpu_v4\src\neorv32_debug_dm.vhd":21)
Re-analyze unit 'neorv32_debug_dtm' since unit 'neorv32_package' is overwritten or removed("C:\Users\Dell\Desktop\neorv32-setups\gowineda\tang-nano-20k\tinygpu_v4\src\neorv32_debug_dtm.vhd":19)
Re-analyze unit 'neorv32_dma' since unit 'neorv32_package' is overwritten or removed("C:\Users\Dell\Desktop\neorv32-setups\gowineda\tang-nano-20k\tinygpu_v4\src\neorv32_dma.vhd":18)
Re-analyze unit 'neorv32_dmem' since unit 'neorv32_package' is overwritten or removed("C:\Users\Dell\Desktop\neorv32-setups\gowineda\tang-nano-20k\tinygpu_v4\src\neorv32_dmem.vhd":17)
Re-analyze unit 'neorv32_dmem_ram' since unit 'neorv32_package' is overwritten or removed("C:\Users\Dell\Desktop\neorv32-setups\gowineda\tang-nano-20k\tinygpu_v4\src\neorv32_dmem_ram.vhd":20)
Re-analyze unit 'neorv32_gpio' since unit 'neorv32_package' is overwritten or removed("C:\Users\Dell\Desktop\neorv32-setups\gowineda\tang-nano-20k\tinygpu_v4\src\neorv32_gpio.vhd":17)
Re-analyze unit 'neorv32_gptmr' since unit 'neorv32_package' is overwritten or removed("C:\Users\Dell\Desktop\neorv32-setups\gowineda\tang-nano-20k\tinygpu_v4\src\neorv32_gptmr.vhd":20)
Re-analyze unit 'neorv32_imem' since unit 'neorv32_package' is overwritten or removed("C:\Users\Dell\Desktop\neorv32-setups\gowineda\tang-nano-20k\tinygpu_v4\src\neorv32_imem.vhd":17)
Re-analyze unit 'neorv32_imem_ram' since unit 'neorv32_package' is overwritten or removed("C:\Users\Dell\Desktop\neorv32-setups\gowineda\tang-nano-20k\tinygpu_v4\src\neorv32_imem_ram.vhd":20)
Re-analyze unit 'neorv32_imem_rom' since unit 'neorv32_package' is overwritten or removed("C:\Users\Dell\Desktop\neorv32-setups\gowineda\tang-nano-20k\tinygpu_v4\src\neorv32_imem_rom.vhd":21)
Re-analyze unit 'neorv32_neoled' since unit 'neorv32_package' is overwritten or removed("C:\Users\Dell\Desktop\neorv32-setups\gowineda\tang-nano-20k\tinygpu_v4\src\neorv32_neoled.vhd":18)
Re-analyze unit 'neorv32_onewire' since unit 'neorv32_package' is overwritten or removed("C:\Users\Dell\Desktop\neorv32-setups\gowineda\tang-nano-20k\tinygpu_v4\src\neorv32_onewire.vhd":18)
Re-analyze unit 'neorv32_pwm' since unit 'neorv32_package' is overwritten or removed("C:\Users\Dell\Desktop\neorv32-setups\gowineda\tang-nano-20k\tinygpu_v4\src\neorv32_pwm.vhd":21)
Re-analyze unit 'neorv32_sdi' since unit 'neorv32_package' is overwritten or removed("C:\Users\Dell\Desktop\neorv32-setups\gowineda\tang-nano-20k\tinygpu_v4\src\neorv32_sdi.vhd":18)
Re-analyze unit 'neorv32_slink' since unit 'neorv32_package' is overwritten or removed("C:\Users\Dell\Desktop\neorv32-setups\gowineda\tang-nano-20k\tinygpu_v4\src\neorv32_slink.vhd":18)
Re-analyze unit 'neorv32_spi' since unit 'neorv32_package' is overwritten or removed("C:\Users\Dell\Desktop\neorv32-setups\gowineda\tang-nano-20k\tinygpu_v4\src\neorv32_spi.vhd":18)
Re-analyze unit 'neorv32_sys_reset' since unit 'neorv32_package' is overwritten or removed("C:\Users\Dell\Desktop\neorv32-setups\gowineda\tang-nano-20k\tinygpu_v4\src\neorv32_sys.vhd":17)
Re-analyze unit 'neorv32_sys_clock' since unit 'neorv32_package' is overwritten or removed("C:\Users\Dell\Desktop\neorv32-setups\gowineda\tang-nano-20k\tinygpu_v4\src\neorv32_sys.vhd":97)
Re-analyze unit 'neorv32_sysinfo' since unit 'neorv32_package' is overwritten or removed("C:\Users\Dell\Desktop\neorv32-setups\gowineda\tang-nano-20k\tinygpu_v4\src\neorv32_sysinfo.vhd":18)
Re-analyze unit 'neorv32_tinygpu' since unit 'neorv32_package' is overwritten or removed("C:\Users\Dell\Desktop\neorv32-setups\gowineda\tang-nano-20k\tinygpu_v4\src\neorv32_tinygpu.vhd":8)
Re-analyze unit 'neorv32_tinygpu_wrapper' since unit 'neorv32_package' is overwritten or removed("C:\Users\Dell\Desktop\neorv32-setups\gowineda\tang-nano-20k\tinygpu_v4\src\neorv32_tinygpu_wrapper.vhd":13)
Re-analyze unit 'neorv32_xbus' since unit 'neorv32_package' is overwritten or removed("C:\Users\Dell\Desktop\neorv32-setups\gowineda\tang-nano-20k\tinygpu_v4\src\neorv32_xbus.vhd":21)
Re-analyze unit 'neorv32_wdt' since unit 'neorv32_package' is overwritten or removed("C:\Users\Dell\Desktop\neorv32-setups\gowineda\tang-nano-20k\tinygpu_v4\src\neorv32_wdt.vhd":18)
Re-analyze unit 'neorv32_uart' since unit 'neorv32_package' is overwritten or removed("C:\Users\Dell\Desktop\neorv32-setups\gowineda\tang-nano-20k\tinygpu_v4\src\neorv32_uart.vhd":24)
Re-analyze unit 'neorv32_twi' since unit 'neorv32_package' is overwritten or removed("C:\Users\Dell\Desktop\neorv32-setups\gowineda\tang-nano-20k\tinygpu_v4\src\neorv32_twi.vhd":18)
Re-analyze unit 'neorv32_twd' since unit 'neorv32_package' is overwritten or removed("C:\Users\Dell\Desktop\neorv32-setups\gowineda\tang-nano-20k\tinygpu_v4\src\neorv32_twd.vhd":18)
Re-analyze unit 'neorv32_trng' since unit 'neorv32_package' is overwritten or removed("C:\Users\Dell\Desktop\neorv32-setups\gowineda\tang-nano-20k\tinygpu_v4\src\neorv32_trng.vhd":20)
Re-analyze unit 'neorv32_tracer' since unit 'neorv32_package' is overwritten or removed("C:\Users\Dell\Desktop\neorv32-setups\gowineda\tang-nano-20k\tinygpu_v4\src\neorv32_tracer.vhd":18)
Re-analyze unit 'neorv32_top' since unit 'neorv32_package' is overwritten or removed("C:\Users\Dell\Desktop\neorv32-setups\gowineda\tang-nano-20k\tinygpu_v4\src\neorv32_top.vhd":21)
Analyzing package body 'neorv32_package'("C:\Users\Dell\Desktop\neorv32-setups\gowineda\tang-nano-20k\src\neorv32_package.vhd":1023)
Analyzing VHDL file 'C:\Users\Dell\Desktop\neorv32-setups\gowineda\tang-nano-20k\src\neorv32_prim.vhd'
Analyzing entity 'neorv32_prim_fifo'("C:\Users\Dell\Desktop\neorv32-setups\gowineda\tang-nano-20k\src\neorv32_prim.vhd":24)
Analyzing architecture 'neorv32_prim_fifo_rtl'("C:\Users\Dell\Desktop\neorv32-setups\gowineda\tang-nano-20k\src\neorv32_prim.vhd":46)
Analyzing entity 'neorv32_prim_spram'("C:\Users\Dell\Desktop\neorv32-setups\gowineda\tang-nano-20k\src\neorv32_prim.vhd":168)
Analyzing architecture 'neorv32_prim_spram_rtl'("C:\Users\Dell\Desktop\neorv32-setups\gowineda\tang-nano-20k\src\neorv32_prim.vhd":186)
WARN  (EX4822) : Overwriting existing secondary unit 'neorv32_prim_spram_rtl'("C:\Users\Dell\Desktop\neorv32-setups\gowineda\tang-nano-20k\src\neorv32_prim.vhd":186)
Analyzing entity 'neorv32_prim_mul'("C:\Users\Dell\Desktop\neorv32-setups\gowineda\tang-nano-20k\src\neorv32_prim.vhd":259)
Analyzing architecture 'neorv32_prim_mul_rtl'("C:\Users\Dell\Desktop\neorv32-setups\gowineda\tang-nano-20k\src\neorv32_prim.vhd":277)
Analyzing entity 'neorv32_prim_cnt'("C:\Users\Dell\Desktop\neorv32-setups\gowineda\tang-nano-20k\src\neorv32_prim.vhd":332)
Analyzing architecture 'neorv32_prim_cnt_rtl'("C:\Users\Dell\Desktop\neorv32-setups\gowineda\tang-nano-20k\src\neorv32_prim.vhd":349)
Analyzing VHDL file 'C:\Users\Dell\Desktop\neorv32-setups\gowineda\tang-nano-20k\src\neorv32_pwm.vhd'
Analyzing entity 'neorv32_pwm'("C:\Users\Dell\Desktop\neorv32-setups\gowineda\tang-nano-20k\src\neorv32_pwm.vhd":21)
Analyzing architecture 'neorv32_pwm_rtl'("C:\Users\Dell\Desktop\neorv32-setups\gowineda\tang-nano-20k\src\neorv32_pwm.vhd":35)
Analyzing entity 'neorv32_pwm_channel'("C:\Users\Dell\Desktop\neorv32-setups\gowineda\tang-nano-20k\src\neorv32_pwm.vhd":187)
Analyzing architecture 'neorv32_pwm_channel_rtl'("C:\Users\Dell\Desktop\neorv32-setups\gowineda\tang-nano-20k\src\neorv32_pwm.vhd":208)
Analyzing VHDL file 'C:\Users\Dell\Desktop\neorv32-setups\gowineda\tang-nano-20k\src\neorv32_sdi.vhd'
Analyzing entity 'neorv32_sdi'("C:\Users\Dell\Desktop\neorv32-setups\gowineda\tang-nano-20k\src\neorv32_sdi.vhd":18)
Analyzing architecture 'neorv32_sdi_rtl'("C:\Users\Dell\Desktop\neorv32-setups\gowineda\tang-nano-20k\src\neorv32_sdi.vhd":35)
Analyzing VHDL file 'C:\Users\Dell\Desktop\neorv32-setups\gowineda\tang-nano-20k\src\neorv32_slink.vhd'
Analyzing entity 'neorv32_slink'("C:\Users\Dell\Desktop\neorv32-setups\gowineda\tang-nano-20k\src\neorv32_slink.vhd":18)
Analyzing architecture 'neorv32_slink_rtl'("C:\Users\Dell\Desktop\neorv32-setups\gowineda\tang-nano-20k\src\neorv32_slink.vhd":45)
Analyzing VHDL file 'C:\Users\Dell\Desktop\neorv32-setups\gowineda\tang-nano-20k\src\neorv32_spi.vhd'
Analyzing entity 'neorv32_spi'("C:\Users\Dell\Desktop\neorv32-setups\gowineda\tang-nano-20k\src\neorv32_spi.vhd":18)
Analyzing architecture 'neorv32_spi_rtl'("C:\Users\Dell\Desktop\neorv32-setups\gowineda\tang-nano-20k\src\neorv32_spi.vhd":36)
Analyzing VHDL file 'C:\Users\Dell\Desktop\neorv32-setups\gowineda\tang-nano-20k\src\neorv32_sys.vhd'
Analyzing entity 'neorv32_sys_reset'("C:\Users\Dell\Desktop\neorv32-setups\gowineda\tang-nano-20k\src\neorv32_sys.vhd":17)
Analyzing architecture 'neorv32_sys_reset_rtl'("C:\Users\Dell\Desktop\neorv32-setups\gowineda\tang-nano-20k\src\neorv32_sys.vhd":34)
Analyzing entity 'neorv32_sys_clock'("C:\Users\Dell\Desktop\neorv32-setups\gowineda\tang-nano-20k\src\neorv32_sys.vhd":97)
Analyzing architecture 'neorv32_sys_clock_rtl'("C:\Users\Dell\Desktop\neorv32-setups\gowineda\tang-nano-20k\src\neorv32_sys.vhd":106)
Analyzing VHDL file 'C:\Users\Dell\Desktop\neorv32-setups\gowineda\tang-nano-20k\src\neorv32_sysinfo.vhd'
Analyzing entity 'neorv32_sysinfo'("C:\Users\Dell\Desktop\neorv32-setups\gowineda\tang-nano-20k\src\neorv32_sysinfo.vhd":18)
Analyzing architecture 'neorv32_sysinfo_rtl'("C:\Users\Dell\Desktop\neorv32-setups\gowineda\tang-nano-20k\src\neorv32_sysinfo.vhd":67)
Analyzing VHDL file 'C:\Users\Dell\Desktop\neorv32-setups\gowineda\tang-nano-20k\src\neorv32_tinygpu.vhd'
Analyzing entity 'neorv32_tinygpu'("C:\Users\Dell\Desktop\neorv32-setups\gowineda\tang-nano-20k\src\neorv32_tinygpu.vhd":8)
Analyzing architecture 'rtl'("C:\Users\Dell\Desktop\neorv32-setups\gowineda\tang-nano-20k\src\neorv32_tinygpu.vhd":18)
Analyzing VHDL file 'C:\Users\Dell\Desktop\neorv32-setups\gowineda\tang-nano-20k\src\neorv32_tinygpu_wrapper.vhd'
Analyzing entity 'neorv32_tinygpu_wrapper'("C:\Users\Dell\Desktop\neorv32-setups\gowineda\tang-nano-20k\src\neorv32_tinygpu_wrapper.vhd":13)
Analyzing architecture 'neorv32_tinygpu_wrapper_rtl'("C:\Users\Dell\Desktop\neorv32-setups\gowineda\tang-nano-20k\src\neorv32_tinygpu_wrapper.vhd":34)
Analyzing VHDL file 'C:\Users\Dell\Desktop\neorv32-setups\gowineda\tang-nano-20k\src\neorv32_top.vhd'
Analyzing entity 'neorv32_top'("C:\Users\Dell\Desktop\neorv32-setups\gowineda\tang-nano-20k\src\neorv32_top.vhd":21)
Analyzing architecture 'neorv32_top_rtl'("C:\Users\Dell\Desktop\neorv32-setups\gowineda\tang-nano-20k\src\neorv32_top.vhd":251)
WARN  (EX4760) : 'neorv32_cpu' is not compiled in library 'neorv32'("C:\Users\Dell\Desktop\neorv32-setups\gowineda\tang-nano-20k\src\neorv32_top.vhd":492)
WARN  (EX4760) : 'neorv32_cache' is not compiled in library 'neorv32'("C:\Users\Dell\Desktop\neorv32-setups\gowineda\tang-nano-20k\src\neorv32_top.vhd":573)
WARN  (EX4760) : 'neorv32_cache' is not compiled in library 'neorv32'("C:\Users\Dell\Desktop\neorv32-setups\gowineda\tang-nano-20k\src\neorv32_top.vhd":601)
WARN  (EX4760) : 'neorv32_bus_switch' is not compiled in library 'neorv32'("C:\Users\Dell\Desktop\neorv32-setups\gowineda\tang-nano-20k\src\neorv32_top.vhd":627)
WARN  (EX4760) : 'neorv32_bus_switch' is not compiled in library 'neorv32'("C:\Users\Dell\Desktop\neorv32-setups\gowineda\tang-nano-20k\src\neorv32_top.vhd":654)
WARN  (EX4760) : 'neorv32_dma' is not compiled in library 'neorv32'("C:\Users\Dell\Desktop\neorv32-setups\gowineda\tang-nano-20k\src\neorv32_top.vhd":687)
WARN  (EX4760) : 'neorv32_bus_switch' is not compiled in library 'neorv32'("C:\Users\Dell\Desktop\neorv32-setups\gowineda\tang-nano-20k\src\neorv32_top.vhd":703)
WARN  (EX4760) : 'neorv32_bus_amo_rmw' is not compiled in library 'neorv32'("C:\Users\Dell\Desktop\neorv32-setups\gowineda\tang-nano-20k\src\neorv32_top.vhd":743)
WARN  (EX4760) : 'neorv32_bus_switch' is not compiled in library 'neorv32'("C:\Users\Dell\Desktop\neorv32-setups\gowineda\tang-nano-20k\src\neorv32_top.vhd":760)
WARN  (EX4760) : 'neorv32_bus_amo_rvs' is not compiled in library 'neorv32'("C:\Users\Dell\Desktop\neorv32-setups\gowineda\tang-nano-20k\src\neorv32_top.vhd":807)
WARN  (EX4760) : 'neorv32_bus_gateway' is not compiled in library 'neorv32'("C:\Users\Dell\Desktop\neorv32-setups\gowineda\tang-nano-20k\src\neorv32_top.vhd":830)
WARN  (EX4760) : 'neorv32_imem' is not compiled in library 'neorv32'("C:\Users\Dell\Desktop\neorv32-setups\gowineda\tang-nano-20k\src\neorv32_top.vhd":879)
WARN  (EX4760) : 'neorv32_dmem' is not compiled in library 'neorv32'("C:\Users\Dell\Desktop\neorv32-setups\gowineda\tang-nano-20k\src\neorv32_top.vhd":902)
WARN  (EX4760) : 'neorv32_xbus' is not compiled in library 'neorv32'("C:\Users\Dell\Desktop\neorv32-setups\gowineda\tang-nano-20k\src\neorv32_top.vhd":924)
WARN  (EX4760) : 'neorv32_bus_io_switch' is not compiled in library 'neorv32'("C:\Users\Dell\Desktop\neorv32-setups\gowineda\tang-nano-20k\src\neorv32_top.vhd":972)
WARN  (EX4760) : 'neorv32_bootrom' is not compiled in library 'neorv32'("C:\Users\Dell\Desktop\neorv32-setups\gowineda\tang-nano-20k\src\neorv32_top.vhd":1051)
WARN  (EX4760) : 'neorv32_cfs' is not compiled in library 'neorv32'("C:\Users\Dell\Desktop\neorv32-setups\gowineda\tang-nano-20k\src\neorv32_top.vhd":1110)
WARN  (EX4760) : 'neorv32_gpio' is not compiled in library 'neorv32'("C:\Users\Dell\Desktop\neorv32-setups\gowineda\tang-nano-20k\src\neorv32_top.vhd":1161)
WARN  (EX4760) : 'neorv32_wdt' is not compiled in library 'neorv32'("C:\Users\Dell\Desktop\neorv32-setups\gowineda\tang-nano-20k\src\neorv32_top.vhd":1187)
WARN  (EX4760) : 'neorv32_clint' is not compiled in library 'neorv32'("C:\Users\Dell\Desktop\neorv32-setups\gowineda\tang-nano-20k\src\neorv32_top.vhd":1210)
WARN  (EX4760) : 'neorv32_uart' is not compiled in library 'neorv32'("C:\Users\Dell\Desktop\neorv32-setups\gowineda\tang-nano-20k\src\neorv32_top.vhd":1237)
WARN  (EX4760) : 'neorv32_uart' is not compiled in library 'neorv32'("C:\Users\Dell\Desktop\neorv32-setups\gowineda\tang-nano-20k\src\neorv32_top.vhd":1268)
WARN  (EX4760) : 'neorv32_twi' is not compiled in library 'neorv32'("C:\Users\Dell\Desktop\neorv32-setups\gowineda\tang-nano-20k\src\neorv32_top.vhd":1330)
WARN  (EX4760) : 'neorv32_twd' is not compiled in library 'neorv32'("C:\Users\Dell\Desktop\neorv32-setups\gowineda\tang-nano-20k\src\neorv32_top.vhd":1360)
WARN  (EX4760) : 'neorv32_trng' is not compiled in library 'neorv32'("C:\Users\Dell\Desktop\neorv32-setups\gowineda\tang-nano-20k\src\neorv32_top.vhd":1413)
WARN  (EX4760) : 'neorv32_neoled' is not compiled in library 'neorv32'("C:\Users\Dell\Desktop\neorv32-setups\gowineda\tang-nano-20k\src\neorv32_top.vhd":1436)
WARN  (EX4760) : 'neorv32_gptmr' is not compiled in library 'neorv32'("C:\Users\Dell\Desktop\neorv32-setups\gowineda\tang-nano-20k\src\neorv32_top.vhd":1462)
WARN  (EX4760) : 'neorv32_onewire' is not compiled in library 'neorv32'("C:\Users\Dell\Desktop\neorv32-setups\gowineda\tang-nano-20k\src\neorv32_top.vhd":1486)
WARN  (EX4760) : 'neorv32_tracer' is not compiled in library 'neorv32'("C:\Users\Dell\Desktop\neorv32-setups\gowineda\tang-nano-20k\src\neorv32_top.vhd":1552)
WARN  (EX4760) : 'neorv32_debug_dtm' is not compiled in library 'neorv32'("C:\Users\Dell\Desktop\neorv32-setups\gowineda\tang-nano-20k\src\neorv32_top.vhd":1638)
WARN  (EX4760) : 'neorv32_debug_dm' is not compiled in library 'neorv32'("C:\Users\Dell\Desktop\neorv32-setups\gowineda\tang-nano-20k\src\neorv32_top.vhd":1657)
Analyzing VHDL file 'C:\Users\Dell\Desktop\neorv32-setups\gowineda\tang-nano-20k\src\neorv32_tracer.vhd'
Analyzing entity 'neorv32_tracer'("C:\Users\Dell\Desktop\neorv32-setups\gowineda\tang-nano-20k\src\neorv32_tracer.vhd":18)
Analyzing architecture 'neorv32_tracer_rtl'("C:\Users\Dell\Desktop\neorv32-setups\gowineda\tang-nano-20k\src\neorv32_tracer.vhd":37)
WARN  (EX4760) : 'neorv32_cpu_trace_simlog' is not compiled in library 'neorv32'("C:\Users\Dell\Desktop\neorv32-setups\gowineda\tang-nano-20k\src\neorv32_tracer.vhd":264)
WARN  (EX4760) : 'neorv32_cpu_trace_simlog' is not compiled in library 'neorv32'("C:\Users\Dell\Desktop\neorv32-setups\gowineda\tang-nano-20k\src\neorv32_tracer.vhd":279)
Analyzing VHDL file 'C:\Users\Dell\Desktop\neorv32-setups\gowineda\tang-nano-20k\src\neorv32_trng.vhd'
Analyzing entity 'neorv32_trng'("C:\Users\Dell\Desktop\neorv32-setups\gowineda\tang-nano-20k\src\neorv32_trng.vhd":20)
Analyzing architecture 'neorv32_trng_rtl'("C:\Users\Dell\Desktop\neorv32-setups\gowineda\tang-nano-20k\src\neorv32_trng.vhd":33)
Analyzing entity 'neotrng'("C:\Users\Dell\Desktop\neorv32-setups\gowineda\tang-nano-20k\src\neorv32_trng.vhd":223)
Analyzing architecture 'neotrng_rtl'("C:\Users\Dell\Desktop\neorv32-setups\gowineda\tang-nano-20k\src\neorv32_trng.vhd":239)
Analyzing entity 'neotrng_cell'("C:\Users\Dell\Desktop\neorv32-setups\gowineda\tang-nano-20k\src\neorv32_trng.vhd":399)
Analyzing architecture 'neotrng_cell_rtl'("C:\Users\Dell\Desktop\neorv32-setups\gowineda\tang-nano-20k\src\neorv32_trng.vhd":413)
Analyzing VHDL file 'C:\Users\Dell\Desktop\neorv32-setups\gowineda\tang-nano-20k\src\neorv32_twd.vhd'
Analyzing entity 'neorv32_twd'("C:\Users\Dell\Desktop\neorv32-setups\gowineda\tang-nano-20k\src\neorv32_twd.vhd":18)
Analyzing architecture 'neorv32_twd_rtl'("C:\Users\Dell\Desktop\neorv32-setups\gowineda\tang-nano-20k\src\neorv32_twd.vhd":36)
Analyzing VHDL file 'C:\Users\Dell\Desktop\neorv32-setups\gowineda\tang-nano-20k\src\neorv32_twi.vhd'
Analyzing entity 'neorv32_twi'("C:\Users\Dell\Desktop\neorv32-setups\gowineda\tang-nano-20k\src\neorv32_twi.vhd":18)
Analyzing architecture 'neorv32_twi_rtl'("C:\Users\Dell\Desktop\neorv32-setups\gowineda\tang-nano-20k\src\neorv32_twi.vhd":36)
Analyzing VHDL file 'C:\Users\Dell\Desktop\neorv32-setups\gowineda\tang-nano-20k\src\neorv32_uart.vhd'
Analyzing entity 'neorv32_uart'("C:\Users\Dell\Desktop\neorv32-setups\gowineda\tang-nano-20k\src\neorv32_uart.vhd":24)
Analyzing architecture 'neorv32_uart_rtl'("C:\Users\Dell\Desktop\neorv32-setups\gowineda\tang-nano-20k\src\neorv32_uart.vhd":43)
Analyzing VHDL file 'C:\Users\Dell\Desktop\neorv32-setups\gowineda\tang-nano-20k\src\neorv32_wdt.vhd'
Analyzing entity 'neorv32_wdt'("C:\Users\Dell\Desktop\neorv32-setups\gowineda\tang-nano-20k\src\neorv32_wdt.vhd":18)
Analyzing architecture 'neorv32_wdt_rtl'("C:\Users\Dell\Desktop\neorv32-setups\gowineda\tang-nano-20k\src\neorv32_wdt.vhd":31)
Analyzing VHDL file 'C:\Users\Dell\Desktop\neorv32-setups\gowineda\tang-nano-20k\src\neorv32_xbus.vhd'
Analyzing entity 'neorv32_xbus'("C:\Users\Dell\Desktop\neorv32-setups\gowineda\tang-nano-20k\src\neorv32_xbus.vhd":21)
Analyzing architecture 'neorv32_xbus_rtl'("C:\Users\Dell\Desktop\neorv32-setups\gowineda\tang-nano-20k\src\neorv32_xbus.vhd":45)
WARN  (EX4760) : 'neorv32_bus_reg' is not compiled in library 'neorv32'("C:\Users\Dell\Desktop\neorv32-setups\gowineda\tang-nano-20k\src\neorv32_xbus.vhd":55)
GowinSynthesis finish
