vvp build/tb_tinygpu_top_demo_tb.vvp
VCD info: dumpfile build/tinygpu_top_demo.vcd opened for output.
TinyGPU-ML RTL demo
Checkpoint IDs: 0x10 launch, 0x20 first read, 0x30 first MAC, 0x40 epilogue, 0x50 final store
[CKPT] Direct GEMM launch
Direct GEMM C = [[19, 22], [43, 50]]
Direct GEMM perf: cycles=124 active=2 stalls=65 work=8 ops/cycle=0.064 stall=52%
[CKPT] Descriptor GEMM launch
Descriptor GEMM C = [[19, 22], [43, 50]]
Descriptor GEMM perf: cycles=194 active=2 stalls=135 work=8 ops/cycle=0.041 stall=69%
[CKPT] Vector add launch
Vector add z = {6, 4, -4, 12}
Vector add perf: cycles=61 active=8 stalls=47 work=4 ops/cycle=0.065 stall=77%
[CKPT] Conv2D launch
Conv2D out row0 = {1, 2, 3}
Conv2D out row1 = {4, 5, 6}
Conv2D out row2 = {7, 8, 9}
Conv2D perf: cycles=888 active=27 stalls=695 work=81 ops/cycle=0.091 stall=78%
Last command cycles : 888
Last command active : 27
Last command stalls : 695
Commands completed : 4
tb_tinygpu_top_demo_tb PASS
tb/tb_tinygpu_top_demo_tb.sv:381: $finish called at 13940 (1s)
