Reading netlist file: "C:\Users\Dell\Desktop\neorv32-setups\gowineda\tang-nano-20k\tinygpu_v5\impl\gwsynthesis\tang-nano-20k.vg"
Parsing netlist file "C:\Users\Dell\Desktop\neorv32-setups\gowineda\tang-nano-20k\tinygpu_v5\impl\gwsynthesis\tang-nano-20k.vg" completed
Processing netlist completed
Reading constraint file: "C:\Users\Dell\Desktop\neorv32-setups\gowineda\tang-nano-20k\tinygpu_v5\src\tang-nano-20k_test_setup_bootloader.cst"
Physical Constraint parsed completed
Running placement......
[10%] Placement Phase 0 completed
[20%] Placement Phase 1 completed
[30%] Placement Phase 2 completed
[50%] Placement Phase 3 completed
Running routing......
[60%] Routing Phase 0 completed
[70%] Routing Phase 1 completed
[80%] Routing Phase 2 completed
[90%] Routing Phase 3 completed
Running timing analysis......
[95%] Timing analysis completed
Placement and routing completed
Bitstream generation in progress......
Bitstream generation completed
Running power analysis......
[100%] Power analysis completed
Generate file "C:\Users\Dell\Desktop\neorv32-setups\gowineda\tang-nano-20k\tinygpu_v5\impl\pnr\tang-nano-20k.power.html" completed
Generate file "C:\Users\Dell\Desktop\neorv32-setups\gowineda\tang-nano-20k\tinygpu_v5\impl\pnr\tang-nano-20k.pin.html" completed
Generate file "C:\Users\Dell\Desktop\neorv32-setups\gowineda\tang-nano-20k\tinygpu_v5\impl\pnr\tang-nano-20k.rpt.html" completed
Generate file "C:\Users\Dell\Desktop\neorv32-setups\gowineda\tang-nano-20k\tinygpu_v5\impl\pnr\tang-nano-20k.rpt.txt" completed
Generate file "C:\Users\Dell\Desktop\neorv32-setups\gowineda\tang-nano-20k\tinygpu_v5\impl\pnr\tang-nano-20k.tr.html" completed
Wed Jun 24 12:10:11 2026

